Archive member included to satisfy reference by file (symbol)

c:/program files (x86)/gnu arm embedded toolchain/10 2021.10/bin/../lib/gcc/arm-none-eabi/10.3.1/../../../../arm-none-eabi/lib/thumb/v7e-m+fp/hard\libc_nano.a(lib_a-exit.o)
                              c:/program files (x86)/gnu arm embedded toolchain/10 2021.10/bin/../lib/gcc/arm-none-eabi/10.3.1/../../../../arm-none-eabi/lib/thumb/v7e-m+fp/hard/crt0.o (exit)
c:/program files (x86)/gnu arm embedded toolchain/10 2021.10/bin/../lib/gcc/arm-none-eabi/10.3.1/../../../../arm-none-eabi/lib/thumb/v7e-m+fp/hard\libc_nano.a(lib_a-impure.o)
                              c:/program files (x86)/gnu arm embedded toolchain/10 2021.10/bin/../lib/gcc/arm-none-eabi/10.3.1/../../../../arm-none-eabi/lib/thumb/v7e-m+fp/hard\libc_nano.a(lib_a-exit.o) (_global_impure_ptr)
c:/program files (x86)/gnu arm embedded toolchain/10 2021.10/bin/../lib/gcc/arm-none-eabi/10.3.1/../../../../arm-none-eabi/lib/thumb/v7e-m+fp/hard\libc_nano.a(lib_a-init.o)
                              c:/program files (x86)/gnu arm embedded toolchain/10 2021.10/bin/../lib/gcc/arm-none-eabi/10.3.1/../../../../arm-none-eabi/lib/thumb/v7e-m+fp/hard/crt0.o (__libc_init_array)
c:/program files (x86)/gnu arm embedded toolchain/10 2021.10/bin/../lib/gcc/arm-none-eabi/10.3.1/../../../../arm-none-eabi/lib/thumb/v7e-m+fp/hard\libc_nano.a(lib_a-memset.o)
                              c:/program files (x86)/gnu arm embedded toolchain/10 2021.10/bin/../lib/gcc/arm-none-eabi/10.3.1/../../../../arm-none-eabi/lib/thumb/v7e-m+fp/hard/crt0.o (memset)
c:/program files (x86)/gnu arm embedded toolchain/10 2021.10/bin/../lib/gcc/arm-none-eabi/10.3.1/../../../../arm-none-eabi/lib/thumb/v7e-m+fp/hard\libnosys.a(_exit.o)
                              c:/program files (x86)/gnu arm embedded toolchain/10 2021.10/bin/../lib/gcc/arm-none-eabi/10.3.1/../../../../arm-none-eabi/lib/thumb/v7e-m+fp/hard\libc_nano.a(lib_a-exit.o) (_exit)
c:/program files (x86)/gnu arm embedded toolchain/10 2021.10/bin/../lib/gcc/arm-none-eabi/10.3.1/thumb/v7e-m+fp/hard\libgcc.a(_arm_muldf3.o)
                              build/buck.o (__aeabi_dmul)
c:/program files (x86)/gnu arm embedded toolchain/10 2021.10/bin/../lib/gcc/arm-none-eabi/10.3.1/thumb/v7e-m+fp/hard\libgcc.a(_arm_addsubdf3.o)
                              build/buck.o (__aeabi_i2d)
c:/program files (x86)/gnu arm embedded toolchain/10 2021.10/bin/../lib/gcc/arm-none-eabi/10.3.1/thumb/v7e-m+fp/hard\libgcc.a(_arm_fixunsdfsi.o)
                              build/buck.o (__aeabi_d2uiz)

Discarded input sections

 .rodata        0x00000000       0x24 c:/program files (x86)/gnu arm embedded toolchain/10 2021.10/bin/../lib/gcc/arm-none-eabi/10.3.1/thumb/v7e-m+fp/hard/crtbegin.o
 .text._ADCIntNumberGet
                0x00000000       0x18 build/adc.o
 .text.ADCIntRegister
                0x00000000       0x18 build/adc.o
 .text.ADCIntUnregister
                0x00000000       0x14 build/adc.o
 .text.ADCIntDisable
                0x00000000        0xe build/adc.o
 .text.ADCIntEnable
                0x00000000       0x10 build/adc.o
 .text.ADCIntStatus
                0x00000000       0x34 build/adc.o
 .text.ADCIntClear
                0x00000000        0x8 build/adc.o
 .text.ADCSequenceEnable
                0x00000000        0xc build/adc.o
 .text.ADCSequenceDisable
                0x00000000        0xe build/adc.o
 .text.ADCSequenceConfigure
                0x00000000       0x30 build/adc.o
 .text.ADCSequenceOverflow
                0x00000000        0xa build/adc.o
 .text.ADCSequenceOverflowClear
                0x00000000        0x8 build/adc.o
 .text.ADCSequenceUnderflow
                0x00000000        0xa build/adc.o
 .text.ADCSequenceUnderflowClear
                0x00000000        0x8 build/adc.o
 .text.ADCSequenceDataGet
                0x00000000       0x20 build/adc.o
 .text.ADCProcessorTrigger
                0x00000000       0x1a build/adc.o
 .text.ADCSoftwareOversampleConfigure
                0x00000000       0x30 build/adc.o
 .text.ADCSoftwareOversampleStepConfigure
                0x00000000       0x98 build/adc.o
 .text.ADCSoftwareOversampleDataGet
                0x00000000       0x54 build/adc.o
 .text.ADCHardwareOversampleConfigure
                0x00000000       0x12 build/adc.o
 .text.ADCComparatorConfigure
                0x00000000        0xa build/adc.o
 .text.ADCComparatorRegionSet
                0x00000000        0xe build/adc.o
 .text.ADCComparatorReset
                0x00000000       0x20 build/adc.o
 .text.ADCComparatorIntDisable
                0x00000000       0x10 build/adc.o
 .text.ADCComparatorIntEnable
                0x00000000        0xe build/adc.o
 .text.ADCComparatorIntStatus
                0x00000000        0x4 build/adc.o
 .text.ADCComparatorIntClear
                0x00000000        0x4 build/adc.o
 .text.ADCIntDisableEx
                0x00000000        0xa build/adc.o
 .text.ADCIntEnableEx
[...]
Memory Configuration

Name             Origin             Length             Attributes
FLASH            0x00000000         0x00100000         xr
SRAM             0x20000000         0x00040000         xw
*default*        0x00000000         0xffffffff

Linker script and memory map

LOAD c:/program files (x86)/gnu arm embedded toolchain/10 2021.10/bin/../lib/gcc/arm-none-eabi/10.3.1/thumb/v7e-m+fp/hard/crti.o
LOAD c:/program files (x86)/gnu arm embedded toolchain/10 2021.10/bin/../lib/gcc/arm-none-eabi/10.3.1/thumb/v7e-m+fp/hard/crtbegin.o
LOAD c:/program files (x86)/gnu arm embedded toolchain/10 2021.10/bin/../lib/gcc/arm-none-eabi/10.3.1/../../../../arm-none-eabi/lib/thumb/v7e-m+fp/hard/crt0.o
LOAD build/adc.o
LOAD build/i2c.o
LOAD build/systick.o
LOAD build/aes.o
LOAD build/cpu.o
LOAD build/epi.o
LOAD build/fpu.o
LOAD build/gpio.o
LOAD build/comp.o
LOAD build/mpu.o
LOAD build/interrupt.o
LOAD build/usb.o
LOAD build/eeprom.o
LOAD build/lcd.o
LOAD build/sw_crc.o
LOAD build/ssi.o
LOAD build/watchdog.o
LOAD build/sysctl.o
LOAD build/des.o
LOAD build/timer.o
LOAD build/can.o
LOAD build/crc.o
LOAD build/flash.o
LOAD build/emac.o
LOAD build/hibernate.o
LOAD build/sysexc.o
LOAD build/uart.o
LOAD build/pwm.o
LOAD build/qei.o
LOAD build/shamd5.o
LOAD build/onewire.o
LOAD build/udma.o
LOAD build/main.o
LOAD build/system_msp432e401y.o
LOAD build/startup_msp432e401y.o
LOAD build/pwm_gen1.o
LOAD build/adc_gen0.o
LOAD build/timer0A.o
LOAD build/uartstdio.o
LOAD build/buck.o
LOAD c:/program files (x86)/gnu arm embedded toolchain/10 2021.10/bin/../lib/gcc/arm-none-eabi/10.3.1/../../../../arm-none-eabi/lib/thumb/v7e-m+fp/hard\libc_nano.a
LOAD c:/program files (x86)/gnu arm embedded toolchain/10 2021.10/bin/../lib/gcc/arm-none-eabi/10.3.1/../../../../arm-none-eabi/lib/thumb/v7e-m+fp/hard\libm.a
LOAD c:/program files (x86)/gnu arm embedded toolchain/10 2021.10/bin/../lib/gcc/arm-none-eabi/10.3.1/../../../../arm-none-eabi/lib/thumb/v7e-m+fp/hard\libnosys.a
START GROUP
LOAD c:/program files (x86)/gnu arm embedded toolchain/10 2021.10/bin/../lib/gcc/arm-none-eabi/10.3.1/thumb/v7e-m+fp/hard\libgcc.a
LOAD c:/program files (x86)/gnu arm embedded toolchain/10 2021.10/bin/../lib/gcc/arm-none-eabi/10.3.1/../../../../arm-none-eabi/lib/thumb/v7e-m+fp/hard\libc_nano.a
END GROUP
START GROUP
LOAD c:/program files (x86)/gnu arm embedded toolchain/10 2021.10/bin/../lib/gcc/arm-none-eabi/10.3.1/thumb/v7e-m+fp/hard\libgcc.a
LOAD c:/program files (x86)/gnu arm embedded toolchain/10 2021.10/bin/../lib/gcc/arm-none-eabi/10.3.1/../../../../arm-none-eabi/lib/thumb/v7e-m+fp/hard\libc_nano.a
END GROUP
LOAD c:/program files (x86)/gnu arm embedded toolchain/10 2021.10/bin/../lib/gcc/arm-none-eabi/10.3.1/thumb/v7e-m+fp/hard/crtend.o
LOAD c:/program files (x86)/gnu arm embedded toolchain/10 2021.10/bin/../lib/gcc/arm-none-eabi/10.3.1/thumb/v7e-m+fp/hard/crtn.o
                0x00000000                PROVIDE (_intvecs_base_address = DEFINED (_intvecs_base_address)?_intvecs_base_address:0x0)

.intvecs        0x00000000      0x208
 *(.intvecs)
 .intvecs       0x00000000      0x208 build/startup_msp432e401y.o
                0x00000000                interruptVectors
                0x20000000                PROVIDE (_vtable_base_address = DEFINED (_vtable_base_address)?_vtable_base_address:0x20000000)

.vtable
 *(.vtable)

.text           0x00000208     0x1400
 CREATE_OBJECT_SYMBOLS
 *(.text)
 .text          0x00000208        0x0 c:/program files (x86)/gnu arm embedded toolchain/10 2021.10/bin/../lib/gcc/arm-none-eabi/10.3.1/thumb/v7e-m+fp/hard/crti.o
 .text          0x00000208       0x40 c:/program files (x86)/gnu arm embedded toolchain/10 2021.10/bin/../lib/gcc/arm-none-eabi/10.3.1/thumb/v7e-m+fp/hard/crtbegin.o
 .text          0x00000248       0x7c c:/program files (x86)/gnu arm embedded toolchain/10 2021.10/bin/../lib/gcc/arm-none-eabi/10.3.1/../../../../arm-none-eabi/lib/thumb/v7e-m+fp/hard/crt0.o
                0x00000248                _stack_init
                0x00000250                _start
                0x00000250                _mainCRTStartup
 .text          0x000002c4        0x0 build/adc.o
 .text          0x000002c4        0x0 build/i2c.o
 .text          0x000002c4        0x0 build/systick.o
 .text          0x000002c4        0x0 build/aes.o
 .text          0x000002c4        0x0 build/cpu.o
 .text          0x000002c4        0x0 build/epi.o
 .text          0x000002c4        0x0 build/fpu.o
 .text          0x000002c4        0x0 build/gpio.o
 .text          0x000002c4        0x0 build/comp.o
 .text          0x000002c4        0x0 build/mpu.o
 .text          0x000002c4        0x0 build/interrupt.o
 .text          0x000002c4        0x0 build/usb.o
 .text          0x000002c4        0x0 build/eeprom.o
 .text          0x000002c4        0x0 build/lcd.o
 .text          0x000002c4        0x0 build/sw_crc.o
 .text          0x000002c4        0x0 build/ssi.o
 .text          0x000002c4        0x0 build/watchdog.o
 .text          0x000002c4        0x0 build/sysctl.o
 .text          0x000002c4        0x0 build/des.o
 .text          0x000002c4        0x0 build/timer.o
 .text          0x000002c4        0x0 build/can.o
 .text          0x000002c4        0x0 build/crc.o
 .text          0x000002c4        0x0 build/flash.o
 .text          0x000002c4        0x0 build/emac.o
 .text          0x000002c4        0x0 build/hibernate.o
 .text          0x000002c4        0x0 build/sysexc.o
 .text          0x000002c4        0x0 build/uart.o
 .text          0x000002c4        0x0 build/pwm.o
 .text          0x000002c4        0x0 build/qei.o
 .text          0x000002c4        0x0 build/shamd5.o
 .text          0x000002c4        0x0 build/onewire.o
 .text          0x000002c4        0x0 build/udma.o
 .text          0x000002c4        0x0 build/main.o
 .text          0x000002c4        0x0 build/system_msp432e401y.o
 .text          0x000002c4        0x0 build/startup_msp432e401y.o
 .text          0x000002c4        0x0 build/pwm_gen1.o
 .text          0x000002c4        0x0 build/adc_gen0.o
 .text          0x000002c4        0x0 build/timer0A.o
 .text          0x000002c4        0x0 build/uartstdio.o
 .text          0x000002c4        0x0 build/buck.o
 .text          0x000002c4        0x0 c:/program files (x86)/gnu arm embedded toolchain/10 2021.10/bin/../lib/gcc/arm-none-eabi/10.3.1/../../../../arm-none-eabi/lib/thumb/v7e-m+fp/hard\libc_nano.a(lib_a-exit.o)
 .text          0x000002c4        0x0 c:/program files (x86)/gnu arm embedded toolchain/10 2021.10/bin/../lib/gcc/arm-none-eabi/10.3.1/../../../../arm-none-eabi/lib/thumb/v7e-m+fp/hard\libc_nano.a(lib_a-impure.o)
 .text          0x000002c4        0x0 c:/program files (x86)/gnu arm embedded toolchain/10 2021.10/bin/../lib/gcc/arm-none-eabi/10.3.1/../../../../arm-none-eabi/lib/thumb/v7e-m+fp/hard\libc_nano.a(lib_a-init.o)
 .text          0x000002c4        0x0 c:/program files (x86)/gnu arm embedded toolchain/10 2021.10/bin/../lib/gcc/arm-none-eabi/10.3.1/../../../../arm-none-eabi/lib/thumb/v7e-m+fp/hard\libc_nano.a(lib_a-memset.o)
 .text          0x000002c4        0x0 c:/program files (x86)/gnu arm embedded toolchain/10 2021.10/bin/../lib/gcc/arm-none-eabi/10.3.1/../../../../arm-none-eabi/lib/thumb/v7e-m+fp/hard\libnosys.a(_exit.o)
 .text          0x000002c4      0x254 c:/program files (x86)/gnu arm embedded toolchain/10 2021.10/bin/../lib/gcc/arm-none-eabi/10.3.1/thumb/v7e-m+fp/hard\libgcc.a(_arm_muldf3.o)
                0x000002c4                __muldf3
                0x000002c4                __aeabi_dmul
 .text          0x00000518      0x378 c:/program files (x86)/gnu arm embedded toolchain/10 2021.10/bin/../lib/gcc/arm-none-eabi/10.3.1/thumb/v7e-m+fp/hard\libgcc.a(_arm_addsubdf3.o)
                0x00000518                __aeabi_drsub
                0x00000520                __aeabi_dsub
                0x00000520                __subdf3
                0x00000524                __aeabi_dadd
                0x00000524                __adddf3
                0x0000079c                __floatunsidf
                0x0000079c                __aeabi_ui2d
                0x000007bc                __floatsidf
                0x000007bc                __aeabi_i2d
                0x000007e0                __aeabi_f2d
                0x000007e0                __extendsfdf2
                0x00000824                __floatundidf
                0x00000824                __aeabi_ul2d
                0x00000834                __floatdidf
                0x00000834                __aeabi_l2d
 .text          0x00000890       0x40 c:/program files (x86)/gnu arm embedded toolchain/10 2021.10/bin/../lib/gcc/arm-none-eabi/10.3.1/thumb/v7e-m+fp/hard\libgcc.a(_arm_fixunsdfsi.o)
                0x00000890                __aeabi_d2uiz
                0x00000890                __fixunsdfsi
 .text          0x000008d0        0x0 c:/program files (x86)/gnu arm embedded toolchain/10 2021.10/bin/../lib/gcc/arm-none-eabi/10.3.1/thumb/v7e-m+fp/hard/crtend.o
 .text          0x000008d0        0x0 c:/program files (x86)/gnu arm embedded toolchain/10 2021.10/bin/../lib/gcc/arm-none-eabi/10.3.1/thumb/v7e-m+fp/hard/crtn.o
 *(.text.*)
 .text.ADCSequenceStepConfigure
                0x000008d0       0x90 build/adc.o
                0x000008d0                ADCSequenceStepConfigure
 .text.ADCIntClearEx
                0x00000960        0x4 build/adc.o
                0x00000960                ADCIntClearEx
 .text.FPUEnable
                0x00000964       0x12 build/fpu.o
                0x00000964                FPUEnable
 .text.FPULazyStackingEnable
                0x00000976       0x12 build/fpu.o
                0x00000976                FPULazyStackingEnable
 .text._SysCtlMemTimingGet
                0x00000988       0x28 build/sysctl.o
 .text._SysCtlFrequencyGet
                0x000009b0       0x58 build/sysctl.o
 .text.SysCtlPeripheralReady
                0x00000a08       0x34 build/sysctl.o
                0x00000a08                SysCtlPeripheralReady
 .text.SysCtlClockFreqSet
                0x00000a3c      0x20c build/sysctl.o
                0x00000a3c                SysCtlClockFreqSet
 .text.TimerControlTrigger
                0x00000c48       0x3c build/timer.o
                0x00000c48                TimerControlTrigger
 .text.ConfigureUART
                0x00000c84       0x7c build/main.o
                0x00000c84                ConfigureUART
 .text.ADC0SS2_IRQHandler
                0x00000d00       0x78 build/main.o
                0x00000d00                ADC0SS2_IRQHandler
 .text.TIMER0A_IRQHandler
                0x00000d78       0x3c build/main.o
                0x00000d78                TIMER0A_IRQHandler
 .text.main     0x00000db4       0x68 build/main.o
                0x00000db4                main
 .text.SystemInit
                0x00000e1c       0x24 build/system_msp432e401y.o
                0x00000e1c                SystemInit
 .text.Default_Handler
                0x00000e40        0x2 build/startup_msp432e401y.o
                0x00000e40                GPIOP3_IRQHandler
                0x00000e40                DebugMon_Handler
                0x00000e40                I2C0_IRQHandler
                0x00000e40                GPIOQ0_IRQHandler
                0x00000e40                HardFault_Handler
                0x00000e40                DES0_IRQHandler
                0x00000e40                GPIOB_IRQHandler
                0x00000e40                GPIOE_IRQHandler
                0x00000e40                EPI0_IRQHandler
                0x00000e40                GPIOA_IRQHandler
                0x00000e40                SysTick_Handler
                0x00000e40                GPIOL_IRQHandler
                0x00000e40                PendSV_Handler
                0x00000e40                NMI_Handler
                0x00000e40                I2C1_IRQHandler
                0x00000e40                AES0_IRQHandler
                0x00000e40                UART1_IRQHandler
                0x00000e40                CAN1_IRQHandler
                0x00000e40                GPIOQ4_IRQHandler
                0x00000e40                TIMER4B_IRQHandler
                0x00000e40                TIMER3A_IRQHandler
                0x00000e40                TIMER4A_IRQHandler
                0x00000e40                GPIOK_IRQHandler
                0x00000e40                UART0_IRQHandler
                0x00000e40                SSI0_IRQHandler
                0x00000e40                PWM0_0_IRQHandler
                0x00000e40                WATCHDOG_IRQHandler
                0x00000e40                GPIOQ7_IRQHandler
                0x00000e40                UsageFault_Handler
                0x00000e40                I2C7_IRQHandler
                0x00000e40                GPIOQ2_IRQHandler
                0x00000e40                GPIOP5_IRQHandler
                0x00000e40                GPIOM_IRQHandler
                0x00000e40                EMAC0_IRQHandler
                0x00000e40                GPIOP2_IRQHandler
                0x00000e40                TIMER2B_IRQHandler
                0x00000e40                I2C4_IRQHandler
                0x00000e40                I2C5_IRQHandler
                0x00000e40                TIMER6A_IRQHandler
                0x00000e40                SSI1_IRQHandler
                0x00000e40                GPIOF_IRQHandler
                0x00000e40                I2C2_IRQHandler
                0x00000e40                GPIOQ1_IRQHandler
                0x00000e40                ADC1SS0_IRQHandler
                0x00000e40                GPIOP7_IRQHandler
                0x00000e40                TIMER0B_IRQHandler
                0x00000e40                TIMER3B_IRQHandler
                0x00000e40                TIMER2A_IRQHandler
                0x00000e40                UART5_IRQHandler
                0x00000e40                GPIOD_IRQHandler
                0x00000e40                COMP0_IRQHandler
                0x00000e40                PWM0_2_IRQHandler
                0x00000e40                GPIOC_IRQHandler
                0x00000e40                SHA0_IRQHandler
                0x00000e40                UDMA_IRQHandler
                0x00000e40                UART2_IRQHandler
                0x00000e40                UART4_IRQHandler
                0x00000e40                GPIOP4_IRQHandler
                0x00000e40                I2C6_IRQHandler
                0x00000e40                Default_Handler
                0x00000e40                COMP2_IRQHandler
                0x00000e40                I2C9_IRQHandler
                0x00000e40                ADC0SS3_IRQHandler
                0x00000e40                QEI0_IRQHandler
                0x00000e40                GPIOG_IRQHandler
                0x00000e40                GPIOH_IRQHandler
                0x00000e40                ADC1SS2_IRQHandler
                0x00000e40                TIMER5A_IRQHandler
                0x00000e40                USB0_IRQHandler
                0x00000e40                I2C3_IRQHandler
                0x00000e40                GPIOQ3_IRQHandler
                0x00000e40                MemManage_Handler
                0x00000e40                SYSEXC_IRQHandler
                0x00000e40                UDMAERR_IRQHandler
                0x00000e40                GPIOQ5_IRQHandler
                0x00000e40                SVC_Handler
                0x00000e40                ADC1SS1_IRQHandler
                0x00000e40                GPIOJ_IRQHandler
                0x00000e40                ADC0SS0_IRQHandler
                0x00000e40                ADC0SS1_IRQHandler
                0x00000e40                CAN0_IRQHandler
                0x00000e40                TIMER6B_IRQHandler
                0x00000e40                TIMER5B_IRQHandler
                0x00000e40                GPIOQ6_IRQHandler
                0x00000e40                GPIOP6_IRQHandler
                0x00000e40                GPIOP0_IRQHandler
                0x00000e40                PWM0_3_IRQHandler
                0x00000e40                SYSCTL_IRQHandler
                0x00000e40                PWM0_1_IRQHandler
                0x00000e40                SSI2_IRQHandler
                0x00000e40                UART7_IRQHandler
                0x00000e40                HIBERNATE_IRQHandler
                0x00000e40                UART6_IRQHandler
                0x00000e40                PWM0_FAULT_IRQHandler
                0x00000e40                TAMPER0_IRQHandler
                0x00000e40                TIMER7B_IRQHandler
                0x00000e40                TIMER7A_IRQHandler
                0x00000e40                TIMER1A_IRQHandler
                0x00000e40                FLASH_IRQHandler
                0x00000e40                GPION_IRQHandler
                0x00000e40                BusFault_Handler
                0x00000e40                SSI3_IRQHandler
                0x00000e40                UART3_IRQHandler
                0x00000e40                I2C8_IRQHandler
                0x00000e40                COMP1_IRQHandler
                0x00000e40                TIMER1B_IRQHandler
                0x00000e40                GPIOP1_IRQHandler
                0x00000e40                ADC1SS3_IRQHandler
 *fill*         0x00000e42        0x2 
 .text.Reset_Handler
                0x00000e44       0x2c build/startup_msp432e401y.o
                0x00000e44                Reset_Handler
 .text.PWM0init
                0x00000e70      0x144 build/pwm_gen1.o
                0x00000e70                PWM0init
 .text.adc_init
                0x00000fb4      0x154 build/adc_gen0.o
                0x00000fb4                adc_init
 .text.timer1_init
                0x00001108       0x78 build/timer0A.o
                0x00001108                timer1_init
 .text.UARTStdioConfig
                0x00001180       0x60 build/uartstdio.o
                0x00001180                UARTStdioConfig
 .text.UARTwrite
                0x000011e0       0x44 build/uartstdio.o
                0x000011e0                UARTwrite
 .text.UARTvprintf
                0x00001224      0x1f8 build/uartstdio.o
                0x00001224                UARTvprintf
 .text.UARTprintf
                0x0000141c       0x1c build/uartstdio.o
                0x0000141c                UARTprintf
 .text.Buck_PID_Construct
                0x00001438       0x22 build/buck.o
                0x00001438                Buck_PID_Construct
 .text.Buck_PID_SetClamp
                0x0000145a        0x6 build/buck.o
                0x0000145a                Buck_PID_SetClamp
 .text.Buck_PI_Transfer
                0x00001460       0x5c build/buck.o
                0x00001460                Buck_PI_Transfer
 .text.buck_control_init
                0x000014bc       0x2c build/buck.o
                0x000014bc                buck_control_init
 .text.buck_update
                0x000014e8       0x7c build/buck.o
                0x000014e8                buck_update
 .text.exit     0x00001564       0x28 c:/program files (x86)/gnu arm embedded toolchain/10 2021.10/bin/../lib/gcc/arm-none-eabi/10.3.1/../../../../arm-none-eabi/lib/thumb/v7e-m+fp/hard\libc_nano.a(lib_a-exit.o)
                0x00001564                exit
 .text.__libc_init_array
                0x0000158c       0x48 c:/program files (x86)/gnu arm embedded toolchain/10 2021.10/bin/../lib/gcc/arm-none-eabi/10.3.1/../../../../arm-none-eabi/lib/thumb/v7e-m+fp/hard\libc_nano.a(lib_a-init.o)
                0x0000158c                __libc_init_array
 .text.memset   0x000015d4       0x10 c:/program files (x86)/gnu arm embedded toolchain/10 2021.10/bin/../lib/gcc/arm-none-eabi/10.3.1/../../../../arm-none-eabi/lib/thumb/v7e-m+fp/hard\libc_nano.a(lib_a-memset.o)
                0x000015d4                memset
 .text._exit    0x000015e4        0x4 c:/program files (x86)/gnu arm embedded toolchain/10 2021.10/bin/../lib/gcc/arm-none-eabi/10.3.1/../../../../arm-none-eabi/lib/thumb/v7e-m+fp/hard\libnosys.a(_exit.o)
                0x000015e4                _exit
                0x000015e8                . = ALIGN (0x4)
 *(.ctors)
                0x000015e8                . = ALIGN (0x4)
 *(.dtors)
                0x000015e8                . = ALIGN (0x4)
                0x000015e8                __init_array_start = .
 *(.init_array*)
 .init_array    0x000015e8        0x4 c:/program files (x86)/gnu arm embedded toolchain/10 2021.10/bin/../lib/gcc/arm-none-eabi/10.3.1/thumb/v7e-m+fp/hard/crtbegin.o
                0x000015ec                __init_array_end = .
 *(.init)
 .init          0x000015ec        0x4 c:/program files (x86)/gnu arm embedded toolchain/10 2021.10/bin/../lib/gcc/arm-none-eabi/10.3.1/thumb/v7e-m+fp/hard/crti.o
                0x000015ec                _init
 .init          0x000015f0        0x8 c:/program files (x86)/gnu arm embedded toolchain/10 2021.10/bin/../lib/gcc/arm-none-eabi/10.3.1/thumb/v7e-m+fp/hard/crtn.o
 *(.fini*)
 .fini          0x000015f8        0x4 c:/program files (x86)/gnu arm embedded toolchain/10 2021.10/bin/../lib/gcc/arm-none-eabi/10.3.1/thumb/v7e-m+fp/hard/crti.o
                0x000015f8                _fini
 .fini_array    0x000015fc        0x4 c:/program files (x86)/gnu arm embedded toolchain/10 2021.10/bin/../lib/gcc/arm-none-eabi/10.3.1/thumb/v7e-m+fp/hard/crtbegin.o
 .fini          0x00001600        0x8 c:/program files (x86)/gnu arm embedded toolchain/10 2021.10/bin/../lib/gcc/arm-none-eabi/10.3.1/thumb/v7e-m+fp/hard/crtn.o

.glue_7         0x00001608        0x0
 .glue_7        0x00001608        0x0 linker stubs

.glue_7t        0x00001608        0x0
 .glue_7t       0x00001608        0x0 linker stubs

.vfp11_veneer   0x00001608        0x0
 .vfp11_veneer  0x00001608        0x0 linker stubs

.v4_bx          0x00001608        0x0
 .v4_bx         0x00001608        0x0 linker stubs

.iplt           0x00001608        0x0
 .iplt          0x00001608        0x0 c:/program files (x86)/gnu arm embedded toolchain/10 2021.10/bin/../lib/gcc/arm-none-eabi/10.3.1/thumb/v7e-m+fp/hard/crtbegin.o

.rodata         0x00001608      0x264
 *(.rodata)
 *(.rodata.*)
 .rodata.g_pppui32XTALtoVCO
                0x00001608      0x1b0 build/sysctl.o
 .rodata.g_pui32VCOFrequencies
                0x000017b8        0x8 build/sysctl.o
 .rodata.g_pui32Xtals
                0x000017c0       0x28 build/sysctl.o
 .rodata.g_sXTALtoMEMTIM
                0x000017e8       0x30 build/sysctl.o
 .rodata.main.str1.4
                0x00001818       0x18 build/main.o
 .rodata.UARTvprintf.str1.4
                0x00001830       0x1e build/uartstdio.o
 *fill*         0x0000184e        0x2 
 .rodata.g_ui32UARTBase
                0x00001850        0xc build/uartstdio.o
 .rodata.g_ui32UARTPeriph
                0x0000185c        0xc build/uartstdio.o
 .rodata._global_impure_ptr
                0x00001868        0x4 c:/program files (x86)/gnu arm embedded toolchain/10 2021.10/bin/../lib/gcc/arm-none-eabi/10.3.1/../../../../arm-none-eabi/lib/thumb/v7e-m+fp/hard\libc_nano.a(lib_a-impure.o)
                0x00001868                _global_impure_ptr

.eh_frame       0x0000186c        0x0
 .eh_frame      0x0000186c        0x0 c:/program files (x86)/gnu arm embedded toolchain/10 2021.10/bin/../lib/gcc/arm-none-eabi/10.3.1/thumb/v7e-m+fp/hard/crtbegin.o

.ARM.exidx      0x0000186c        0x8
                0x0000186c                __exidx_start = .
 *(.ARM.exidx* .gnu.linkonce.armexidx.*)
 .ARM.exidx     0x0000186c        0x8 c:/program files (x86)/gnu arm embedded toolchain/10 2021.10/bin/../lib/gcc/arm-none-eabi/10.3.1/../../../../arm-none-eabi/lib/thumb/v7e-m+fp/hard/crt0.o
                                 0x10 (size before relaxing)
                0x00001874                __exidx_end = .

.ARM.extab      0x00001874        0x0
 *(.ARM.extab* .gnu.linkonce.armextab.*)
 .ARM.extab     0x00001874        0x0 c:/program files (x86)/gnu arm embedded toolchain/10 2021.10/bin/../lib/gcc/arm-none-eabi/10.3.1/../../../../arm-none-eabi/lib/thumb/v7e-m+fp/hard/crt0.o
                0x00001874                __etext = .

.rel.dyn        0x00001874        0x0
 .rel.iplt      0x00001874        0x0 c:/program files (x86)/gnu arm embedded toolchain/10 2021.10/bin/../lib/gcc/arm-none-eabi/10.3.1/thumb/v7e-m+fp/hard/crtbegin.o

.data           0x20000000       0x70 load address 0x00001874
                0x00001874                __data_load__ = LOADADDR (.data)
                0x20000000                __data_start__ = .
 *(.data)
 .data          0x20000000        0x0 c:/program files (x86)/gnu arm embedded toolchain/10 2021.10/bin/../lib/gcc/arm-none-eabi/10.3.1/thumb/v7e-m+fp/hard/crti.o
 .data          0x20000000        0x4 c:/program files (x86)/gnu arm embedded toolchain/10 2021.10/bin/../lib/gcc/arm-none-eabi/10.3.1/thumb/v7e-m+fp/hard/crtbegin.o
                0x20000000                __dso_handle
 .data          0x20000004        0x0 c:/program files (x86)/gnu arm embedded toolchain/10 2021.10/bin/../lib/gcc/arm-none-eabi/10.3.1/../../../../arm-none-eabi/lib/thumb/v7e-m+fp/hard/crt0.o
 .data          0x20000004        0x0 build/adc.o
 .data          0x20000004        0x0 build/i2c.o
 .data          0x20000004        0x0 build/systick.o
 .data          0x20000004        0x0 build/aes.o
 .data          0x20000004        0x0 build/cpu.o
 .data          0x20000004        0x0 build/epi.o
 .data          0x20000004        0x0 build/fpu.o
 .data          0x20000004        0x0 build/gpio.o
 .data          0x20000004        0x0 build/comp.o
 .data          0x20000004        0x0 build/mpu.o
 .data          0x20000004        0x0 build/interrupt.o
 .data          0x20000004        0x0 build/usb.o
 .data          0x20000004        0x0 build/eeprom.o
 .data          0x20000004        0x0 build/lcd.o
 .data          0x20000004        0x0 build/sw_crc.o
 .data          0x20000004        0x0 build/ssi.o
 .data          0x20000004        0x0 build/watchdog.o
 .data          0x20000004        0x0 build/sysctl.o
 .data          0x20000004        0x0 build/des.o
 .data          0x20000004        0x0 build/timer.o
 .data          0x20000004        0x0 build/can.o
 .data          0x20000004        0x0 build/crc.o
 .data          0x20000004        0x0 build/flash.o
 .data          0x20000004        0x0 build/emac.o
 .data          0x20000004        0x0 build/hibernate.o
 .data          0x20000004        0x0 build/sysexc.o
 .data          0x20000004        0x0 build/uart.o
 .data          0x20000004        0x0 build/pwm.o
 .data          0x20000004        0x0 build/qei.o
 .data          0x20000004        0x0 build/shamd5.o
 .data          0x20000004        0x0 build/onewire.o
 .data          0x20000004        0x0 build/udma.o
 .data          0x20000004        0x0 build/main.o
 .data          0x20000004        0x0 build/system_msp432e401y.o
 .data          0x20000004        0x0 build/startup_msp432e401y.o
 .data          0x20000004        0x0 build/pwm_gen1.o
 .data          0x20000004        0x0 build/adc_gen0.o
 .data          0x20000004        0x0 build/timer0A.o
 .data          0x20000004        0x0 build/uartstdio.o
 .data          0x20000004        0x0 build/buck.o
 .data          0x20000004        0x0 c:/program files (x86)/gnu arm embedded toolchain/10 2021.10/bin/../lib/gcc/arm-none-eabi/10.3.1/../../../../arm-none-eabi/lib/thumb/v7e-m+fp/hard\libc_nano.a(lib_a-exit.o)
 .data          0x20000004        0x0 c:/program files (x86)/gnu arm embedded toolchain/10 2021.10/bin/../lib/gcc/arm-none-eabi/10.3.1/../../../../arm-none-eabi/lib/thumb/v7e-m+fp/hard\libc_nano.a(lib_a-impure.o)
 .data          0x20000004        0x0 c:/program files (x86)/gnu arm embedded toolchain/10 2021.10/bin/../lib/gcc/arm-none-eabi/10.3.1/../../../../arm-none-eabi/lib/thumb/v7e-m+fp/hard\libc_nano.a(lib_a-init.o)
 .data          0x20000004        0x0 c:/program files (x86)/gnu arm embedded toolchain/10 2021.10/bin/../lib/gcc/arm-none-eabi/10.3.1/../../../../arm-none-eabi/lib/thumb/v7e-m+fp/hard\libc_nano.a(lib_a-memset.o)
 .data          0x20000004        0x0 c:/program files (x86)/gnu arm embedded toolchain/10 2021.10/bin/../lib/gcc/arm-none-eabi/10.3.1/../../../../arm-none-eabi/lib/thumb/v7e-m+fp/hard\libnosys.a(_exit.o)
 .data          0x20000004        0x0 c:/program files (x86)/gnu arm embedded toolchain/10 2021.10/bin/../lib/gcc/arm-none-eabi/10.3.1/thumb/v7e-m+fp/hard\libgcc.a(_arm_muldf3.o)
 .data          0x20000004        0x0 c:/program files (x86)/gnu arm embedded toolchain/10 2021.10/bin/../lib/gcc/arm-none-eabi/10.3.1/thumb/v7e-m+fp/hard\libgcc.a(_arm_addsubdf3.o)
 .data          0x20000004        0x0 c:/program files (x86)/gnu arm embedded toolchain/10 2021.10/bin/../lib/gcc/arm-none-eabi/10.3.1/thumb/v7e-m+fp/hard\libgcc.a(_arm_fixunsdfsi.o)
 .data          0x20000004        0x0 c:/program files (x86)/gnu arm embedded toolchain/10 2021.10/bin/../lib/gcc/arm-none-eabi/10.3.1/thumb/v7e-m+fp/hard/crtend.o
 .data          0x20000004        0x0 c:/program files (x86)/gnu arm embedded toolchain/10 2021.10/bin/../lib/gcc/arm-none-eabi/10.3.1/thumb/v7e-m+fp/hard/crtn.o
 *(.data*)
 .data.flag0    0x20000004        0x1 build/main.o
                0x20000004                flag0
 .data.flag1    0x20000005        0x1 build/main.o
                0x20000005                flag1
 *fill*         0x20000006        0x2 
 .data.SystemCoreClock
                0x20000008        0x4 build/system_msp432e401y.o
                0x20000008                SystemCoreClock
 .data._impure_ptr
                0x2000000c        0x4 c:/program files (x86)/gnu arm embedded toolchain/10 2021.10/bin/../lib/gcc/arm-none-eabi/10.3.1/../../../../arm-none-eabi/lib/thumb/v7e-m+fp/hard\libc_nano.a(lib_a-impure.o)
                0x2000000c                _impure_ptr
 .data.impure_data
                0x20000010       0x60 c:/program files (x86)/gnu arm embedded toolchain/10 2021.10/bin/../lib/gcc/arm-none-eabi/10.3.1/../../../../arm-none-eabi/lib/thumb/v7e-m+fp/hard\libc_nano.a(lib_a-impure.o)
                0x20000070                . = ALIGN (0x4)
                0x20000070                __data_end__ = .

.igot.plt       0x20000070        0x0 load address 0x000018e4
 .igot.plt      0x20000070        0x0 c:/program files (x86)/gnu arm embedded toolchain/10 2021.10/bin/../lib/gcc/arm-none-eabi/10.3.1/thumb/v7e-m+fp/hard/crtbegin.o

.bss            0x20000400      0x820
                0x20000400                __bss_start__ = .
 *(.shbss)
 *(.bss)
 .bss           0x20000400        0x0 c:/program files (x86)/gnu arm embedded toolchain/10 2021.10/bin/../lib/gcc/arm-none-eabi/10.3.1/thumb/v7e-m+fp/hard/crti.o
 .bss           0x20000400       0x1c c:/program files (x86)/gnu arm embedded toolchain/10 2021.10/bin/../lib/gcc/arm-none-eabi/10.3.1/thumb/v7e-m+fp/hard/crtbegin.o
 .bss           0x2000041c        0x0 c:/program files (x86)/gnu arm embedded toolchain/10 2021.10/bin/../lib/gcc/arm-none-eabi/10.3.1/../../../../arm-none-eabi/lib/thumb/v7e-m+fp/hard/crt0.o
 .bss           0x2000041c        0x0 build/adc.o
 .bss           0x2000041c        0x0 build/i2c.o
 .bss           0x2000041c        0x0 build/systick.o
 .bss           0x2000041c        0x0 build/aes.o
 .bss           0x2000041c        0x0 build/cpu.o
 .bss           0x2000041c        0x0 build/epi.o
 .bss           0x2000041c        0x0 build/fpu.o
 .bss           0x2000041c        0x0 build/gpio.o
 .bss           0x2000041c        0x0 build/comp.o
 .bss           0x2000041c        0x0 build/mpu.o
 .bss           0x2000041c        0x0 build/interrupt.o
 .bss           0x2000041c        0x0 build/usb.o
 .bss           0x2000041c        0x0 build/eeprom.o
 .bss           0x2000041c        0x0 build/lcd.o
 .bss           0x2000041c        0x0 build/sw_crc.o
 .bss           0x2000041c        0x0 build/ssi.o
 .bss           0x2000041c        0x0 build/watchdog.o
 .bss           0x2000041c        0x0 build/sysctl.o
 .bss           0x2000041c        0x0 build/des.o
 .bss           0x2000041c        0x0 build/timer.o
 .bss           0x2000041c        0x0 build/can.o
 .bss           0x2000041c        0x0 build/crc.o
 .bss           0x2000041c        0x0 build/flash.o
 .bss           0x2000041c        0x0 build/emac.o
 .bss           0x2000041c        0x0 build/hibernate.o
 .bss           0x2000041c        0x0 build/sysexc.o
 .bss           0x2000041c        0x0 build/uart.o
 .bss           0x2000041c        0x0 build/pwm.o
 .bss           0x2000041c        0x0 build/qei.o
 .bss           0x2000041c        0x0 build/shamd5.o
 .bss           0x2000041c        0x0 build/onewire.o
 .bss           0x2000041c        0x0 build/udma.o
 .bss           0x2000041c        0x0 build/main.o
 .bss           0x2000041c        0x0 build/system_msp432e401y.o
 .bss           0x2000041c        0x0 build/startup_msp432e401y.o
 .bss           0x2000041c        0x0 build/pwm_gen1.o
 .bss           0x2000041c        0x0 build/adc_gen0.o
 .bss           0x2000041c        0x0 build/timer0A.o
 .bss           0x2000041c        0x0 build/uartstdio.o
 .bss           0x2000041c        0x0 build/buck.o
 .bss           0x2000041c        0x0 c:/program files (x86)/gnu arm embedded toolchain/10 2021.10/bin/../lib/gcc/arm-none-eabi/10.3.1/../../../../arm-none-eabi/lib/thumb/v7e-m+fp/hard\libc_nano.a(lib_a-exit.o)
 .bss           0x2000041c        0x0 c:/program files (x86)/gnu arm embedded toolchain/10 2021.10/bin/../lib/gcc/arm-none-eabi/10.3.1/../../../../arm-none-eabi/lib/thumb/v7e-m+fp/hard\libc_nano.a(lib_a-impure.o)
 .bss           0x2000041c        0x0 c:/program files (x86)/gnu arm embedded toolchain/10 2021.10/bin/../lib/gcc/arm-none-eabi/10.3.1/../../../../arm-none-eabi/lib/thumb/v7e-m+fp/hard\libc_nano.a(lib_a-init.o)
 .bss           0x2000041c        0x0 c:/program files (x86)/gnu arm embedded toolchain/10 2021.10/bin/../lib/gcc/arm-none-eabi/10.3.1/../../../../arm-none-eabi/lib/thumb/v7e-m+fp/hard\libc_nano.a(lib_a-memset.o)
 .bss           0x2000041c        0x0 c:/program files (x86)/gnu arm embedded toolchain/10 2021.10/bin/../lib/gcc/arm-none-eabi/10.3.1/../../../../arm-none-eabi/lib/thumb/v7e-m+fp/hard\libnosys.a(_exit.o)
 .bss           0x2000041c        0x0 c:/program files (x86)/gnu arm embedded toolchain/10 2021.10/bin/../lib/gcc/arm-none-eabi/10.3.1/thumb/v7e-m+fp/hard\libgcc.a(_arm_muldf3.o)
 .bss           0x2000041c        0x0 c:/program files (x86)/gnu arm embedded toolchain/10 2021.10/bin/../lib/gcc/arm-none-eabi/10.3.1/thumb/v7e-m+fp/hard\libgcc.a(_arm_addsubdf3.o)
 .bss           0x2000041c        0x0 c:/program files (x86)/gnu arm embedded toolchain/10 2021.10/bin/../lib/gcc/arm-none-eabi/10.3.1/thumb/v7e-m+fp/hard\libgcc.a(_arm_fixunsdfsi.o)
 .bss           0x2000041c        0x0 c:/program files (x86)/gnu arm embedded toolchain/10 2021.10/bin/../lib/gcc/arm-none-eabi/10.3.1/thumb/v7e-m+fp/hard/crtend.o
 .bss           0x2000041c        0x0 c:/program files (x86)/gnu arm embedded toolchain/10 2021.10/bin/../lib/gcc/arm-none-eabi/10.3.1/thumb/v7e-m+fp/hard/crtn.o
 *(.bss.*)
 .bss.bgetConvStatus
                0x2000041c        0x1 build/main.o
                0x2000041c                bgetConvStatus
 *fill*         0x2000041d        0x1 
 .bss.getSystemClock
                0x2000041e        0x2 build/main.o
                0x2000041e                getSystemClock
 .bss.getADCValue
                0x20000420        0x8 build/adc_gen0.o
                0x20000420                getADCValue
 *fill*         0x20000428      0x3d8 
 .bss.pui8ControlTable
                0x20000800      0x400 build/adc_gen0.o
                0x20000800                pui8ControlTable
 .bss.g_ui32Base
                0x20000c00        0x4 build/uartstdio.o
 .bss.g_adc_in  0x20000c04        0x2 build/buck.o
                0x20000c04                g_adc_in
 .bss.g_err     0x20000c06        0x2 build/buck.o
                0x20000c06                g_err
 .bss.g_out     0x20000c08        0x2 build/buck.o
                0x20000c08                g_out
 *fill*         0x20000c0a        0x2 
 .bss.pid       0x20000c0c       0x12 build/buck.o
                0x20000c0c                pid
 .bss.u_filter.0
                0x20000c1e        0x2 build/buck.o
 *(COMMON)
                0x20000c20                . = ALIGN (0x4)
                0x20000c20                __bss_end__ = .

.heap           0x20000c20        0x0
                0x20000c20                __heap_start__ = .
                0x20000c20                end = __heap_start__
                0x20000c20                _end = end
                0x20000c20                __end = end
 *(.heap)
                0x20000c20                __heap_end__ = .
                0x20000c20                __HeapLimit = __heap_end__

.stack          0x20000c20        0x0
                0x20000c20                _stack = .
 *(.stack)
                0x20040000                __StackTop = (ORIGIN (REGION_STACK) + LENGTH (REGION_STACK))
                0x20040000                PROVIDE (__stack = __StackTop)
OUTPUT(build/MSP432E4_BUCK.elf elf32-littlearm)
LOAD linker stubs

.ARM.attributes
                0x00000000       0x30
 .ARM.attributes
                0x00000000       0x1e c:/program files (x86)/gnu arm embedded toolchain/10 2021.10/bin/../lib/gcc/arm-none-eabi/10.3.1/thumb/v7e-m+fp/hard/crti.o
 .ARM.attributes
                0x0000001e       0x34 c:/program files (x86)/gnu arm embedded toolchain/10 2021.10/bin/../lib/gcc/arm-none-eabi/10.3.1/thumb/v7e-m+fp/hard/crtbegin.o
 .ARM.attributes
                0x00000052       0x1c c:/program files (x86)/gnu arm embedded toolchain/10 2021.10/bin/../lib/gcc/arm-none-eabi/10.3.1/../../../../arm-none-eabi/lib/thumb/v7e-m+fp/hard/crt0.o
 .ARM.attributes
                0x0000006e       0x34 build/adc.o
 .ARM.attributes
                0x000000a2       0x34 build/i2c.o
 .ARM.attributes
                0x000000d6       0x34 build/systick.o
 .ARM.attributes
                0x0000010a       0x34 build/aes.o
 .ARM.attributes
                0x0000013e       0x34 build/cpu.o
 .ARM.attributes
                0x00000172       0x34 build/epi.o
 .ARM.attributes
                0x000001a6       0x34 build/fpu.o
 .ARM.attributes
                0x000001da       0x34 build/gpio.o
 .ARM.attributes
                0x0000020e       0x34 build/comp.o
 .ARM.attributes
                0x00000242       0x34 build/mpu.o
 .ARM.attributes
                0x00000276       0x34 build/interrupt.o
 .ARM.attributes
                0x000002aa       0x34 build/usb.o
 .ARM.attributes
                0x000002de       0x34 build/eeprom.o
 .ARM.attributes
                0x00000312       0x34 build/lcd.o
 .ARM.attributes
                0x00000346       0x34 build/sw_crc.o
 .ARM.attributes
                0x0000037a       0x34 build/ssi.o
 .ARM.attributes
                0x000003ae       0x34 build/watchdog.o
 .ARM.attributes
                0x000003e2       0x34 build/sysctl.o
 .ARM.attributes
                0x00000416       0x34 build/des.o
 .ARM.attributes
                0x0000044a       0x34 build/timer.o
 .ARM.attributes
                0x0000047e       0x34 build/can.o
 .ARM.attributes
                0x000004b2       0x34 build/crc.o
 .ARM.attributes
                0x000004e6       0x34 build/flash.o
 .ARM.attributes
                0x0000051a       0x34 build/emac.o
 .ARM.attributes
                0x0000054e       0x34 build/hibernate.o
 .ARM.attributes
                0x00000582       0x34 build/sysexc.o
 .ARM.attributes
                0x000005b6       0x34 build/uart.o
 .ARM.attributes
                0x000005ea       0x34 build/pwm.o
 .ARM.attributes
                0x0000061e       0x34 build/qei.o
 .ARM.attributes
                0x00000652       0x34 build/shamd5.o
 .ARM.attributes
                0x00000686       0x34 build/onewire.o
 .ARM.attributes
                0x000006ba       0x34 build/udma.o
 .ARM.attributes
                0x000006ee       0x34 build/main.o
 .ARM.attributes
                0x00000722       0x34 build/system_msp432e401y.o
 .ARM.attributes
                0x00000756       0x34 build/startup_msp432e401y.o
 .ARM.attributes
                0x0000078a       0x34 build/pwm_gen1.o
 .ARM.attributes
                0x000007be       0x34 build/adc_gen0.o
 .ARM.attributes
                0x000007f2       0x34 build/timer0A.o
 .ARM.attributes
                0x00000826       0x34 build/uartstdio.o
 .ARM.attributes
                0x0000085a       0x34 build/buck.o
 .ARM.attributes
                0x0000088e       0x34 c:/program files (x86)/gnu arm embedded toolchain/10 2021.10/bin/../lib/gcc/arm-none-eabi/10.3.1/../../../../arm-none-eabi/lib/thumb/v7e-m+fp/hard\libc_nano.a(lib_a-exit.o)
 .ARM.attributes
                0x000008c2       0x34 c:/program files (x86)/gnu arm embedded toolchain/10 2021.10/bin/../lib/gcc/arm-none-eabi/10.3.1/../../../../arm-none-eabi/lib/thumb/v7e-m+fp/hard\libc_nano.a(lib_a-impure.o)
 .ARM.attributes
                0x000008f6       0x34 c:/program files (x86)/gnu arm embedded toolchain/10 2021.10/bin/../lib/gcc/arm-none-eabi/10.3.1/../../../../arm-none-eabi/lib/thumb/v7e-m+fp/hard\libc_nano.a(lib_a-init.o)
 .ARM.attributes
                0x0000092a       0x34 c:/program files (x86)/gnu arm embedded toolchain/10 2021.10/bin/../lib/gcc/arm-none-eabi/10.3.1/../../../../arm-none-eabi/lib/thumb/v7e-m+fp/hard\libc_nano.a(lib_a-memset.o)
 .ARM.attributes
                0x0000095e       0x34 c:/program files (x86)/gnu arm embedded toolchain/10 2021.10/bin/../lib/gcc/arm-none-eabi/10.3.1/../../../../arm-none-eabi/lib/thumb/v7e-m+fp/hard\libnosys.a(_exit.o)
 .ARM.attributes
                0x00000992       0x1e c:/program files (x86)/gnu arm embedded toolchain/10 2021.10/bin/../lib/gcc/arm-none-eabi/10.3.1/thumb/v7e-m+fp/hard\libgcc.a(_arm_muldf3.o)
 .ARM.attributes
                0x000009b0       0x1e c:/program files (x86)/gnu arm embedded toolchain/10 2021.10/bin/../lib/gcc/arm-none-eabi/10.3.1/thumb/v7e-m+fp/hard\libgcc.a(_arm_addsubdf3.o)
 .ARM.attributes
                0x000009ce       0x1e c:/program files (x86)/gnu arm embedded toolchain/10 2021.10/bin/../lib/gcc/arm-none-eabi/10.3.1/thumb/v7e-m+fp/hard\libgcc.a(_arm_fixunsdfsi.o)
 .ARM.attributes
                0x000009ec       0x34 c:/program files (x86)/gnu arm embedded toolchain/10 2021.10/bin/../lib/gcc/arm-none-eabi/10.3.1/thumb/v7e-m+fp/hard/crtend.o
 .ARM.attributes
                0x00000a20       0x1e c:/program files (x86)/gnu arm embedded toolchain/10 2021.10/bin/../lib/gcc/arm-none-eabi/10.3.1/thumb/v7e-m+fp/hard/crtn.o

.comment        0x00000000       0x49
 .comment       0x00000000       0x49 build/adc.o
                                 0x4a (size before relaxing)
 .comment       0x00000049       0x4a build/i2c.o
 .comment       0x00000049       0x4a build/systick.o
 .comment       0x00000049       0x4a build/aes.o
 .comment       0x00000049       0x4a build/cpu.o
 .comment       0x00000049       0x4a build/epi.o
 .comment       0x00000049       0x4a build/fpu.o
 .comment       0x00000049       0x4a build/gpio.o
 .comment       0x00000049       0x4a build/comp.o
 .comment       0x00000049       0x4a build/mpu.o
 .comment       0x00000049       0x4a build/interrupt.o
 .comment       0x00000049       0x4a build/usb.o
 .comment       0x00000049       0x4a build/eeprom.o
 .comment       0x00000049       0x4a build/lcd.o
 .comment       0x00000049       0x4a build/sw_crc.o
 .comment       0x00000049       0x4a build/ssi.o
 .comment       0x00000049       0x4a build/watchdog.o
 .comment       0x00000049       0x4a build/sysctl.o
 .comment       0x00000049       0x4a build/des.o
 .comment       0x00000049       0x4a build/timer.o
 .comment       0x00000049       0x4a build/can.o
 .comment       0x00000049       0x4a build/crc.o
 .comment       0x00000049       0x4a build/flash.o
 .comment       0x00000049       0x4a build/emac.o
 .comment       0x00000049       0x4a build/hibernate.o
 .comment       0x00000049       0x4a build/sysexc.o
 .comment       0x00000049       0x4a build/uart.o
 .comment       0x00000049       0x4a build/pwm.o
 .comment       0x00000049       0x4a build/qei.o
 .comment       0x00000049       0x4a build/shamd5.o
 .comment       0x00000049       0x4a build/onewire.o
 .comment       0x00000049       0x4a build/udma.o
 .comment       0x00000049       0x4a build/main.o
 .comment       0x00000049       0x4a build/system_msp432e401y.o
 .comment       0x00000049       0x4a build/startup_msp432e401y.o
 .comment       0x00000049       0x4a build/pwm_gen1.o
 .comment       0x00000049       0x4a build/adc_gen0.o
 .comment       0x00000049       0x4a build/timer0A.o
 .comment       0x00000049       0x4a build/uartstdio.o
 .comment       0x00000049       0x4a build/buck.o

.debug_info     0x00000000    0x16e8b
 .debug_info    0x00000000      0xe58 build/adc.o
 .debug_info    0x00000e58      0xe95 build/i2c.o
 .debug_info    0x00001ced      0x1d9 build/systick.o
 .debug_info    0x00001ec6      0xa04 build/aes.o
 .debug_info    0x000028ca      0x194 build/cpu.o
 .debug_info    0x00002a5e      0xecf build/epi.o
 .debug_info    0x0000392d      0x19c build/fpu.o
 .debug_info    0x00003ac9     0x17b6 build/gpio.o
 .debug_info    0x0000527f      0x381 build/comp.o
 .debug_info    0x00005600      0x2bd build/mpu.o
 .debug_info    0x000058bd      0x582 build/interrupt.o
 .debug_info    0x00005e3f     0x202d build/usb.o
 .debug_info    0x00007e6c      0x585 build/eeprom.o
 .debug_info    0x000083f1      0xc78 build/lcd.o
 .debug_info    0x00009069      0x3bd build/sw_crc.o
 .debug_info    0x00009426      0x854 build/ssi.o
 .debug_info    0x00009c7a      0x498 build/watchdog.o
 .debug_info    0x0000a112      0xd08 build/sysctl.o
 .debug_info    0x0000ae1a      0x630 build/des.o
 .debug_info    0x0000b44a      0xb22 build/timer.o
 .debug_info    0x0000bf6c      0xbb9 build/can.o
 .debug_info    0x0000cb25      0x222 build/crc.o
 .debug_info    0x0000cd47      0x618 build/flash.o
 .debug_info    0x0000d35f     0x1d63 build/emac.o
 .debug_info    0x0000f0c2      0xe93 build/hibernate.o
 .debug_info    0x0000ff55      0x27e build/sysexc.o
 .debug_info    0x000101d3      0xdda build/uart.o
 .debug_info    0x00010fad      0xdb9 build/pwm.o
 .debug_info    0x00011d66      0x610 build/qei.o
 .debug_info    0x00012376      0x832 build/shamd5.o
 .debug_info    0x00012ba8      0x55a build/onewire.o
 .debug_info    0x00013102      0x7ec build/udma.o
 .debug_info    0x000138ee      0x959 build/main.o
 .debug_info    0x00014247     0x1435 build/system_msp432e401y.o
 .debug_info    0x0001567c      0x196 build/startup_msp432e401y.o
 .debug_info    0x00015812      0x28e build/pwm_gen1.o
 .debug_info    0x00015aa0      0x8e2 build/adc_gen0.o
 .debug_info    0x00016382      0x19b build/timer0A.o
 .debug_info    0x0001651d      0x54c build/uartstdio.o
 .debug_info    0x00016a69      0x422 build/buck.o

.debug_abbrev   0x00000000     0x3dc3
 .debug_abbrev  0x00000000      0x1c2 build/adc.o
 .debug_abbrev  0x000001c2      0x1ad build/i2c.o
 .debug_abbrev  0x0000036f      0x114 build/systick.o
 .debug_abbrev  0x00000483      0x171 build/aes.o
 .debug_abbrev  0x000005f4      0x102 build/cpu.o
 .debug_abbrev  0x000006f6      0x1b1 build/epi.o
 .debug_abbrev  0x000008a7       0xaf build/fpu.o
 .debug_abbrev  0x00000956      0x1dc build/gpio.o
 .debug_abbrev  0x00000b32      0x179 build/comp.o
 .debug_abbrev  0x00000cab      0x157 build/mpu.o
 .debug_abbrev  0x00000e02      0x1a2 build/interrupt.o
 .debug_abbrev  0x00000fa4      0x1ef build/usb.o
 .debug_abbrev  0x00001193      0x1b6 build/eeprom.o
 .debug_abbrev  0x00001349      0x20b build/lcd.o
 .debug_abbrev  0x00001554      0x114 build/sw_crc.o
 .debug_abbrev  0x00001668      0x1be build/ssi.o
 .debug_abbrev  0x00001826      0x15d build/watchdog.o
 .debug_abbrev  0x00001983      0x233 build/sysctl.o
 .debug_abbrev  0x00001bb6      0x18f build/des.o
 .debug_abbrev  0x00001d45      0x1be build/timer.o
 .debug_abbrev  0x00001f03      0x241 build/can.o
 .debug_abbrev  0x00002144       0xfa build/crc.o
 .debug_abbrev  0x0000223e      0x1e2 build/flash.o
 .debug_abbrev  0x00002420      0x1fa build/emac.o
 .debug_abbrev  0x0000261a      0x21c build/hibernate.o
 .debug_abbrev  0x00002836      0x177 build/sysexc.o
 .debug_abbrev  0x000029ad      0x1dc build/uart.o
 .debug_abbrev  0x00002b89      0x16f build/pwm.o
 .debug_abbrev  0x00002cf8      0x18d build/qei.o
 .debug_abbrev  0x00002e85      0x1bb build/shamd5.o
 .debug_abbrev  0x00003040      0x1b2 build/onewire.o
 .debug_abbrev  0x000031f2      0x201 build/udma.o
 .debug_abbrev  0x000033f3      0x1a5 build/main.o
 .debug_abbrev  0x00003598      0x11d build/system_msp432e401y.o
 .debug_abbrev  0x000036b5      0x106 build/startup_msp432e401y.o
 .debug_abbrev  0x000037bb       0x97 build/pwm_gen1.o
 .debug_abbrev  0x00003852      0x138 build/adc_gen0.o
 .debug_abbrev  0x0000398a       0xac build/timer0A.o
 .debug_abbrev  0x00003a36      0x1b2 build/uartstdio.o
 .debug_abbrev  0x00003be8      0x1db build/buck.o

.debug_loc      0x00000000     0xf8d4
 .debug_loc     0x00000000      0xb44 build/adc.o
 .debug_loc     0x00000b44      0x6b8 build/i2c.o
 .debug_loc     0x000011fc       0x96 build/systick.o
 .debug_loc     0x00001292      0x6c1 build/aes.o
 .debug_loc     0x00001953       0x54 build/cpu.o
 .debug_loc     0x000019a7      0xc29 build/epi.o
 .debug_loc     0x000025d0     0x12bc build/gpio.o
 .debug_loc     0x0000388c      0x18d build/comp.o
 .debug_loc     0x00003a19      0x115 build/mpu.o
 .debug_loc     0x00003b2e      0x4ba build/interrupt.o
 .debug_loc     0x00003fe8     0x1ddc build/usb.o
 .debug_loc     0x00005dc4      0x466 build/eeprom.o
 .debug_loc     0x0000622a      0x8d5 build/lcd.o
 .debug_loc     0x00006aff      0x71b build/sw_crc.o
 .debug_loc     0x0000721a      0x4c5 build/ssi.o
 .debug_loc     0x000076df      0x185 build/watchdog.o
 .debug_loc     0x00007864      0xa91 build/sysctl.o
 .debug_loc     0x000082f5      0x3e6 build/des.o
 .debug_loc     0x000086db      0x76f build/timer.o
 .debug_loc     0x00008e4a      0xf59 build/can.o
 .debug_loc     0x00009da3      0x1a8 build/crc.o
 .debug_loc     0x00009f4b      0x5b7 build/flash.o
 .debug_loc     0x0000a502     0x12b6 build/emac.o
 .debug_loc     0x0000b7b8      0xd59 build/hibernate.o
 .debug_loc     0x0000c511       0xe8 build/sysexc.o
 .debug_loc     0x0000c5f9      0x70a build/uart.o
 .debug_loc     0x0000cd03      0xac5 build/pwm.o
 .debug_loc     0x0000d7c8      0x25f build/qei.o
 .debug_loc     0x0000da27      0x82e build/shamd5.o
 .debug_loc     0x0000e255      0x3b7 build/onewire.o
 .debug_loc     0x0000e60c      0x6a7 build/udma.o
 .debug_loc     0x0000ecb3      0x104 build/main.o
 .debug_loc     0x0000edb7      0x123 build/system_msp432e401y.o
 .debug_loc     0x0000eeda       0x82 build/startup_msp432e401y.o
 .debug_loc     0x0000ef5c       0x6e build/pwm_gen1.o
 .debug_loc     0x0000efca       0x38 build/adc_gen0.o
 .debug_loc     0x0000f002       0x52 build/timer0A.o
 .debug_loc     0x0000f054      0x669 build/uartstdio.o
 .debug_loc     0x0000f6bd      0x217 build/buck.o

.debug_aranges  0x00000000     0x2118
 .debug_aranges
                0x00000000      0x160 build/adc.o
 .debug_aranges
                0x00000160      0x1d0 build/i2c.o
 .debug_aranges
                0x00000330       0x60 build/systick.o
 .debug_aranges
                0x00000390       0xe0 build/aes.o
 .debug_aranges
                0x00000470       0x48 build/cpu.o
 .debug_aranges
                0x000004b8      0x160 build/epi.o
 .debug_aranges
                0x00000618       0x60 build/fpu.o
 .debug_aranges
                0x00000678      0x1a0 build/gpio.o
 .debug_aranges
                0x00000818       0x60 build/comp.o
 .debug_aranges
                0x00000878       0x60 build/mpu.o
 .debug_aranges
                0x000008d8       0xa0 build/interrupt.o
 .debug_aranges
                0x00000978      0x348 build/usb.o
 .debug_aranges
                0x00000cc0       0xb0 build/eeprom.o
 .debug_aranges
                0x00000d70      0x108 build/lcd.o
 .debug_aranges
                0x00000e78       0x40 build/sw_crc.o
 .debug_aranges
                0x00000eb8       0xd8 build/ssi.o
 .debug_aranges
                0x00000f90       0xa8 build/watchdog.o
 .debug_aranges
                0x00001038      0x190 build/sysctl.o
 .debug_aranges
                0x000011c8       0xa8 build/des.o
 .debug_aranges
                0x00001270      0x128 build/timer.o
 .debug_aranges
                0x00001398       0xc8 build/can.o
 .debug_aranges
                0x00001460       0x40 build/crc.o
 .debug_aranges
                0x000014a0       0xa0 build/flash.o
 .debug_aranges
                0x00001540      0x2a0 build/emac.o
 .debug_aranges
                0x000017e0      0x1c8 build/hibernate.o
 .debug_aranges
                0x000019a8       0x50 build/sysexc.o
 .debug_aranges
                0x000019f8      0x198 build/uart.o
 .debug_aranges
                0x00001b90      0x140 build/pwm.o
 .debug_aranges
                0x00001cd0       0xc0 build/qei.o
 .debug_aranges
                0x00001d90       0xb8 build/shamd5.o
 .debug_aranges
                0x00001e48       0x90 build/onewire.o
 .debug_aranges
                0x00001ed8       0xd0 build/udma.o
 .debug_aranges
                0x00001fa8       0x38 build/main.o
 .debug_aranges
                0x00001fe0       0x28 build/system_msp432e401y.o
 .debug_aranges
                0x00002008       0x28 build/startup_msp432e401y.o
 .debug_aranges
                0x00002030       0x20 build/pwm_gen1.o
 .debug_aranges
                0x00002050       0x20 build/adc_gen0.o
 .debug_aranges
                0x00002070       0x20 build/timer0A.o
 .debug_aranges
                0x00002090       0x48 build/uartstdio.o
 .debug_aranges
                0x000020d8       0x40 build/buck.o

.debug_ranges   0x00000000     0x1e98
 .debug_ranges  0x00000000      0x150 build/adc.o
 .debug_ranges  0x00000150      0x1c0 build/i2c.o
 .debug_ranges  0x00000310       0x50 build/systick.o
 .debug_ranges  0x00000360       0xd0 build/aes.o
 .debug_ranges  0x00000430       0x38 build/cpu.o
 .debug_ranges  0x00000468      0x150 build/epi.o
 .debug_ranges  0x000005b8       0x50 build/fpu.o
 .debug_ranges  0x00000608      0x190 build/gpio.o
 .debug_ranges  0x00000798       0x50 build/comp.o
 .debug_ranges  0x000007e8       0x50 build/mpu.o
 .debug_ranges  0x00000838       0x90 build/interrupt.o
 .debug_ranges  0x000008c8      0x338 build/usb.o
 .debug_ranges  0x00000c00       0xa0 build/eeprom.o
 .debug_ranges  0x00000ca0       0xf8 build/lcd.o
 .debug_ranges  0x00000d98       0x30 build/sw_crc.o
 .debug_ranges  0x00000dc8       0xc8 build/ssi.o
 .debug_ranges  0x00000e90       0x98 build/watchdog.o
 .debug_ranges  0x00000f28      0x180 build/sysctl.o
 .debug_ranges  0x000010a8       0x98 build/des.o
 .debug_ranges  0x00001140      0x118 build/timer.o
 .debug_ranges  0x00001258       0xb8 build/can.o
 .debug_ranges  0x00001310       0x30 build/crc.o
 .debug_ranges  0x00001340       0x90 build/flash.o
 .debug_ranges  0x000013d0      0x290 build/emac.o
 .debug_ranges  0x00001660      0x1b8 build/hibernate.o
 .debug_ranges  0x00001818       0x40 build/sysexc.o
 .debug_ranges  0x00001858      0x188 build/uart.o
 .debug_ranges  0x000019e0      0x130 build/pwm.o
 .debug_ranges  0x00001b10       0xb0 build/qei.o
 .debug_ranges  0x00001bc0       0xa8 build/shamd5.o
 .debug_ranges  0x00001c68       0x80 build/onewire.o
 .debug_ranges  0x00001ce8       0xc0 build/udma.o
 .debug_ranges  0x00001da8       0x28 build/main.o
 .debug_ranges  0x00001dd0       0x18 build/system_msp432e401y.o
 .debug_ranges  0x00001de8       0x18 build/startup_msp432e401y.o
 .debug_ranges  0x00001e00       0x10 build/pwm_gen1.o
 .debug_ranges  0x00001e10       0x10 build/adc_gen0.o
 .debug_ranges  0x00001e20       0x10 build/timer0A.o
 .debug_ranges  0x00001e30       0x38 build/uartstdio.o
 .debug_ranges  0x00001e68       0x30 build/buck.o

.debug_line     0x00000000    0x114b9
 .debug_line    0x00000000      0xb6f build/adc.o
 .debug_line    0x00000b6f      0xa4e build/i2c.o
 .debug_line    0x000015bd      0x242 build/systick.o
 .debug_line    0x000017ff      0x8b7 build/aes.o
 .debug_line    0x000020b6      0x1ba build/cpu.o
 .debug_line    0x00002270      0x9e0 build/epi.o
 .debug_line    0x00002c50      0x253 build/fpu.o
 .debug_line    0x00002ea3      0xd97 build/gpio.o
 .debug_line    0x00003c3a      0x2b2 build/comp.o
 .debug_line    0x00003eec      0x287 build/mpu.o
 .debug_line    0x00004173      0x5bf build/interrupt.o
 .debug_line    0x00004732     0x194a build/usb.o
 .debug_line    0x0000607c      0x616 build/eeprom.o
 .debug_line    0x00006692      0x8f7 build/lcd.o
 .debug_line    0x00006f89      0x4fa build/sw_crc.o
 .debug_line    0x00007483      0x66c build/ssi.o
 .debug_line    0x00007aef      0x388 build/watchdog.o
 .debug_line    0x00007e77      0xc07 build/sysctl.o
 .debug_line    0x00008a7e      0x580 build/des.o
 .debug_line    0x00008ffe      0x8bf build/timer.o
 .debug_line    0x000098bd      0xd9e build/can.o
 .debug_line    0x0000a65b      0x21c build/crc.o
 .debug_line    0x0000a877      0x691 build/flash.o
 .debug_line    0x0000af08     0x13fc build/emac.o
 .debug_line    0x0000c304      0xe65 build/hibernate.o
 .debug_line    0x0000d169      0x21c build/sysexc.o
 .debug_line    0x0000d385      0xa44 build/uart.o
 .debug_line    0x0000ddc9      0x953 build/pwm.o
 .debug_line    0x0000e71c      0x437 build/qei.o
 .debug_line    0x0000eb53      0x859 build/shamd5.o
 .debug_line    0x0000f3ac      0x459 build/onewire.o
 .debug_line    0x0000f805      0x77c build/udma.o
 .debug_line    0x0000ff81      0x2dc build/main.o
 .debug_line    0x0001025d      0x29e build/system_msp432e401y.o
 .debug_line    0x000104fb      0x17c build/startup_msp432e401y.o
 .debug_line    0x00010677      0x19b build/pwm_gen1.o
 .debug_line    0x00010812      0x209 build/adc_gen0.o
 .debug_line    0x00010a1b      0x182 build/timer0A.o
 .debug_line    0x00010b9d      0x656 build/uartstdio.o
 .debug_line    0x000111f3      0x2c6 build/buck.o

.debug_str      0x00000000     0x6c75
 .debug_str     0x00000000      0x5b9 build/adc.o
                                0x663 (size before relaxing)
 .debug_str     0x000005b9      0x4ce build/i2c.o
                                0x6e6 (size before relaxing)
 .debug_str     0x00000a87       0xd7 build/systick.o
                                0x25e (size before relaxing)
 .debug_str     0x00000b5e      0x224 build/aes.o
                                0x420 (size before relaxing)
 .debug_str     0x00000d82       0x85 build/cpu.o
                                0x1e7 (size before relaxing)
 .debug_str     0x00000e07      0x45f build/epi.o
                                0x682 (size before relaxing)
 .debug_str     0x00001266       0xcd build/fpu.o
                                0x238 (size before relaxing)
 .debug_str     0x00001333      0x4ae build/gpio.o
                                0x6c1 (size before relaxing)
 .debug_str     0x000017e1       0x81 build/comp.o
                                0x2b4 (size before relaxing)
 .debug_str     0x00001862       0xd4 build/mpu.o
                                0x28d (size before relaxing)
 .debug_str     0x00001936      0x1b4 build/interrupt.o
                                0x3cb (size before relaxing)
 .debug_str     0x00001aea      0x8f0 build/usb.o
                                0xbaa (size before relaxing)
 .debug_str     0x000023da      0x1c8 build/eeprom.o
                                0x377 (size before relaxing)
 .debug_str     0x000025a2      0x418 build/lcd.o
                                0x678 (size before relaxing)
 .debug_str     0x000029ba       0xb8 build/sw_crc.o
                                0x27c (size before relaxing)
 .debug_str     0x00002a72      0x26d build/ssi.o
                                0x480 (size before relaxing)
 .debug_str     0x00002cdf      0x185 build/watchdog.o
                                0x341 (size before relaxing)
 .debug_str     0x00002e64      0x5ba build/sysctl.o
                                0x7ff (size before relaxing)
 .debug_str     0x0000341e      0x12a build/des.o
                                0x352 (size before relaxing)
 .debug_str     0x00003548      0x2da build/timer.o
                                0x508 (size before relaxing)
 .debug_str     0x00003822      0x480 build/can.o
                                0x6b7 (size before relaxing)
 .debug_str     0x00003ca2       0xb7 build/crc.o
                                0x243 (size before relaxing)
 .debug_str     0x00003d59      0x219 build/flash.o
                                0x43d (size before relaxing)
 .debug_str     0x00003f72      0x93e build/emac.o
                                0xc43 (size before relaxing)
 .debug_str     0x000048b0      0x5a3 build/hibernate.o
                                0x7dc (size before relaxing)
 .debug_str     0x00004e53       0xab build/sysexc.o
                                0x26a (size before relaxing)
 .debug_str     0x00004efe      0x3f3 build/uart.o
                                0x686 (size before relaxing)
 .debug_str     0x000052f1      0x3b9 build/pwm.o
                                0x5f4 (size before relaxing)
 .debug_str     0x000056aa      0x195 build/qei.o
                                0x390 (size before relaxing)
 .debug_str     0x0000583f      0x1d1 build/shamd5.o
                                0x40b (size before relaxing)
 .debug_str     0x00005a10      0x173 build/onewire.o
                                0x367 (size before relaxing)
 .debug_str     0x00005b83      0x322 build/udma.o
                                0x4e6 (size before relaxing)
 .debug_str     0x00005ea5      0x2bb build/main.o
                                0x48e (size before relaxing)
 .debug_str     0x00006160      0x807 build/system_msp432e401y.o
                                0x9d1 (size before relaxing)
 .debug_str     0x00006967       0x9b build/startup_msp432e401y.o
                                0x21b (size before relaxing)
 .debug_str     0x00006a02       0x2e build/pwm_gen1.o
                                0x1a7 (size before relaxing)
 .debug_str     0x00006a30       0x2c build/adc_gen0.o
                                0x3e9 (size before relaxing)
 .debug_str     0x00006a5c       0x1a build/timer0A.o
                                0x1bc (size before relaxing)
 .debug_str     0x00006a76      0x115 build/uartstdio.o
                                0x2f2 (size before relaxing)
 .debug_str     0x00006b8b       0xea build/buck.o
                                0x29f (size before relaxing)

.debug_frame    0x00000000     0x496c
 .debug_frame   0x00000000      0x2ec build/adc.o
 .debug_frame   0x000002ec      0x3ac build/i2c.o
 .debug_frame   0x00000698       0xb0 build/systick.o
 .debug_frame   0x00000748      0x204 build/aes.o
 .debug_frame   0x0000094c       0x70 build/cpu.o
 .debug_frame   0x000009bc      0x2f8 build/epi.o
 .debug_frame   0x00000cb4       0xa0 build/fpu.o
 .debug_frame   0x00000d54      0x4ac build/gpio.o
 .debug_frame   0x00001200       0xb4 build/comp.o
 .debug_frame   0x000012b4       0xb0 build/mpu.o
 .debug_frame   0x00001364      0x158 build/interrupt.o
 .debug_frame   0x000014bc      0x6dc build/usb.o
 .debug_frame   0x00001b98      0x168 build/eeprom.o
 .debug_frame   0x00001d00      0x254 build/lcd.o
 .debug_frame   0x00001f54       0xac build/sw_crc.o
 .debug_frame   0x00002000      0x1b0 build/ssi.o
 .debug_frame   0x000021b0      0x140 build/watchdog.o
 .debug_frame   0x000022f0      0x354 build/sysctl.o
 .debug_frame   0x00002644      0x154 build/des.o
 .debug_frame   0x00002798      0x250 build/timer.o
 .debug_frame   0x000029e8      0x1e8 build/can.o
 .debug_frame   0x00002bd0       0x68 build/crc.o
 .debug_frame   0x00002c38      0x168 build/flash.o
 .debug_frame   0x00002da0      0x604 build/emac.o
 .debug_frame   0x000033a4      0x4b4 build/hibernate.o
 .debug_frame   0x00003858       0x94 build/sysexc.o
 .debug_frame   0x000038ec      0x34c build/uart.o
 .debug_frame   0x00003c38      0x2a0 build/pwm.o
 .debug_frame   0x00003ed8      0x174 build/qei.o
 .debug_frame   0x0000404c      0x1c4 build/shamd5.o
 .debug_frame   0x00004210      0x12c build/onewire.o
 .debug_frame   0x0000433c      0x1b4 build/udma.o
 .debug_frame   0x000044f0       0x80 build/main.o
 .debug_frame   0x00004570       0x30 build/system_msp432e401y.o
 .debug_frame   0x000045a0       0x38 build/startup_msp432e401y.o
 .debug_frame   0x000045d8       0x40 build/pwm_gen1.o
 .debug_frame   0x00004618       0x34 build/adc_gen0.o
 .debug_frame   0x0000464c       0x2c build/timer0A.o
 .debug_frame   0x00004678       0xdc build/uartstdio.o
 .debug_frame   0x00004754       0x84 build/buck.o
 .debug_frame   0x000047d8       0x28 c:/program files (x86)/gnu arm embedded toolchain/10 2021.10/bin/../lib/gcc/arm-none-eabi/10.3.1/../../../../arm-none-eabi/lib/thumb/v7e-m+fp/hard\libc_nano.a(lib_a-exit.o)
 .debug_frame   0x00004800       0x2c c:/program files (x86)/gnu arm embedded toolchain/10 2021.10/bin/../lib/gcc/arm-none-eabi/10.3.1/../../../../arm-none-eabi/lib/thumb/v7e-m+fp/hard\libc_nano.a(lib_a-init.o)
 .debug_frame   0x0000482c       0x20 c:/program files (x86)/gnu arm embedded toolchain/10 2021.10/bin/../lib/gcc/arm-none-eabi/10.3.1/../../../../arm-none-eabi/lib/thumb/v7e-m+fp/hard\libc_nano.a(lib_a-memset.o)
 .debug_frame   0x0000484c       0x20 c:/program files (x86)/gnu arm embedded toolchain/10 2021.10/bin/../lib/gcc/arm-none-eabi/10.3.1/../../../../arm-none-eabi/lib/thumb/v7e-m+fp/hard\libnosys.a(_exit.o)
 .debug_frame   0x0000486c       0x30 c:/program files (x86)/gnu arm embedded toolchain/10 2021.10/bin/../lib/gcc/arm-none-eabi/10.3.1/thumb/v7e-m+fp/hard\libgcc.a(_arm_muldf3.o)
 .debug_frame   0x0000489c       0xac c:/program files (x86)/gnu arm embedded toolchain/10 2021.10/bin/../lib/gcc/arm-none-eabi/10.3.1/thumb/v7e-m+fp/hard\libgcc.a(_arm_addsubdf3.o)
 .debug_frame   0x00004948       0x24 c:/program files (x86)/gnu arm embedded toolchain/10 2021.10/bin/../lib/gcc/arm-none-eabi/10.3.1/thumb/v7e-m+fp/hard\libgcc.a(_arm_fixunsdfsi.o)

Cross Reference Table

Symbol                                            File
ADC0SS0_IRQHandler                                build/startup_msp432e401y.o
ADC0SS1_IRQHandler                                build/startup_msp432e401y.o
ADC0SS2_IRQHandler                                build/main.o
ADC0SS3_IRQHandler                                build/startup_msp432e401y.o
ADC1SS0_IRQHandler                                build/startup_msp432e401y.o
ADC1SS1_IRQHandler                                build/startup_msp432e401y.o
ADC1SS2_IRQHandler                                build/startup_msp432e401y.o
ADC1SS3_IRQHandler                                build/startup_msp432e401y.o
ADCBusy                                           build/adc.o
ADCClockConfigGet                                 build/adc.o
ADCClockConfigSet                                 build/adc.o
ADCComparatorConfigure                            build/adc.o
ADCComparatorIntClear                             build/adc.o
ADCComparatorIntDisable                           build/adc.o
ADCComparatorIntEnable                            build/adc.o
ADCComparatorIntStatus                            build/adc.o
ADCComparatorRegionSet                            build/adc.o
ADCComparatorReset                                build/adc.o
ADCHardwareOversampleConfigure                    build/adc.o
ADCIntClear                                       build/adc.o
ADCIntClearEx                                     build/adc.o
                                                  build/adc_gen0.o
                                                  build/main.o
ADCIntDisable                                     build/adc.o
ADCIntDisableEx                                   build/adc.o
ADCIntEnable                                      build/adc.o
ADCIntEnableEx                                    build/adc.o
ADCIntRegister                                    build/adc.o
ADCIntStatus                                      build/adc.o
ADCIntStatusEx                                    build/adc.o
ADCIntUnregister                                  build/adc.o
ADCPhaseDelayGet                                  build/adc.o
ADCPhaseDelaySet                                  build/adc.o
ADCProcessorTrigger                               build/adc.o
ADCReferenceGet                                   build/adc.o
ADCReferenceSet                                   build/adc.o
ADCSequenceConfigure                              build/adc.o
ADCSequenceDMADisable                             build/adc.o
ADCSequenceDMAEnable                              build/adc.o
ADCSequenceDataGet                                build/adc.o
ADCSequenceDisable                                build/adc.o
ADCSequenceEnable                                 build/adc.o
ADCSequenceOverflow                               build/adc.o
ADCSequenceOverflowClear                          build/adc.o
ADCSequenceStepConfigure                          build/adc.o
                                                  build/adc_gen0.o
ADCSequenceUnderflow                              build/adc.o
ADCSequenceUnderflowClear                         build/adc.o
ADCSoftwareOversampleConfigure                    build/adc.o
ADCSoftwareOversampleDataGet                      build/adc.o
ADCSoftwareOversampleStepConfigure                build/adc.o
AES0_IRQHandler                                   build/startup_msp432e401y.o
AESAuthLengthSet                                  build/aes.o
AESConfigSet                                      build/aes.o
AESDMADisable                                     build/aes.o
AESDMAEnable                                      build/aes.o
AESDataAuth                                       build/aes.o
AESDataProcess                                    build/aes.o
AESDataProcessAuth                                build/aes.o
AESDataRead                                       build/aes.o
AESDataReadNonBlocking                            build/aes.o
AESDataWrite                                      build/aes.o
AESDataWriteNonBlocking                           build/aes.o
AESIVRead                                         build/aes.o
AESIVSet                                          build/aes.o
AESIntClear                                       build/aes.o
AESIntDisable                                     build/aes.o
AESIntEnable                                      build/aes.o
AESIntRegister                                    build/aes.o
AESIntStatus                                      build/aes.o
AESIntUnregister                                  build/aes.o
AESKey1Set                                        build/aes.o
AESKey2Set                                        build/aes.o
AESKey3Set                                        build/aes.o
AESLengthSet                                      build/aes.o
AESReset                                          build/aes.o
AESTagRead                                        build/aes.o
Buck_PID_Construct                                build/buck.o
Buck_PID_SetClamp                                 build/buck.o
Buck_PI_Transfer                                  build/buck.o
BusFault_Handler                                  build/startup_msp432e401y.o
CAN0_IRQHandler                                   build/startup_msp432e401y.o
CAN1_IRQHandler                                   build/startup_msp432e401y.o
CANBitRateSet                                     build/can.o
CANBitTimingGet                                   build/can.o
CANBitTimingSet                                   build/can.o
CANDisable                                        build/can.o
CANEnable                                         build/can.o
CANErrCntrGet                                     build/can.o
CANInit                                           build/can.o
CANIntClear                                       build/can.o
CANIntDisable                                     build/can.o
CANIntEnable                                      build/can.o
CANIntRegister                                    build/can.o
CANIntStatus                                      build/can.o
CANIntUnregister                                  build/can.o
CANMessageClear                                   build/can.o
CANMessageGet                                     build/can.o
CANMessageSet                                     build/can.o
CANRetryGet                                       build/can.o
CANRetrySet                                       build/can.o
CANStatusGet                                      build/can.o
COMP0_IRQHandler                                  build/startup_msp432e401y.o
COMP1_IRQHandler                                  build/startup_msp432e401y.o
COMP2_IRQHandler                                  build/startup_msp432e401y.o
CPUbasepriGet                                     build/cpu.o
                                                  build/interrupt.o
CPUbasepriSet                                     build/cpu.o
                                                  build/interrupt.o
CPUcpsid                                          build/cpu.o
                                                  build/interrupt.o
CPUcpsie                                          build/cpu.o
                                                  build/interrupt.o
CPUprimask                                        build/cpu.o
CPUwfi                                            build/cpu.o
                                                  build/sysctl.o
CRCConfigSet                                      build/crc.o
CRCDataProcess                                    build/crc.o
CRCDataWrite                                      build/crc.o
CRCResultRead                                     build/crc.o
CRCSeedSet                                        build/crc.o
ComparatorConfigure                               build/comp.o
ComparatorIntClear                                build/comp.o
ComparatorIntDisable                              build/comp.o
ComparatorIntEnable                               build/comp.o
ComparatorIntRegister                             build/comp.o
ComparatorIntStatus                               build/comp.o
ComparatorIntUnregister                           build/comp.o
ComparatorRefSet                                  build/comp.o
ComparatorValueGet                                build/comp.o
ConfigureUART                                     build/main.o
Crc16                                             build/sw_crc.o
Crc16Array                                        build/sw_crc.o
Crc16Array3                                       build/sw_crc.o
Crc32                                             build/sw_crc.o
                                                  build/emac.o
Crc8CCITT                                         build/sw_crc.o
DES0_IRQHandler                                   build/startup_msp432e401y.o
DESConfigSet                                      build/des.o
DESDMADisable                                     build/des.o
DESDMAEnable                                      build/des.o
DESDataProcess                                    build/des.o
DESDataRead                                       build/des.o
DESDataReadNonBlocking                            build/des.o
DESDataWrite                                      build/des.o
DESDataWriteNonBlocking                           build/des.o
DESIVSet                                          build/des.o
DESIntClear                                       build/des.o
DESIntDisable                                     build/des.o
DESIntEnable                                      build/des.o
DESIntRegister                                    build/des.o
DESIntStatus                                      build/des.o
DESIntUnregister                                  build/des.o
DESKeySet                                         build/des.o
DESLengthSet                                      build/des.o
DESReset                                          build/des.o
DebugMon_Handler                                  build/startup_msp432e401y.o
Default_Handler                                   build/startup_msp432e401y.o
EEPROMBlockCountGet                               build/eeprom.o
EEPROMBlockHide                                   build/eeprom.o
EEPROMBlockLock                                   build/eeprom.o
EEPROMBlockPasswordSet                            build/eeprom.o
EEPROMBlockProtectGet                             build/eeprom.o
EEPROMBlockProtectSet                             build/eeprom.o
EEPROMBlockUnlock                                 build/eeprom.o
EEPROMInit                                        build/eeprom.o
EEPROMIntClear                                    build/eeprom.o
EEPROMIntDisable                                  build/eeprom.o
EEPROMIntEnable                                   build/eeprom.o
EEPROMIntStatus                                   build/eeprom.o
EEPROMMassErase                                   build/eeprom.o
EEPROMProgram                                     build/eeprom.o
EEPROMProgramNonBlocking                          build/eeprom.o
EEPROMRead                                        build/eeprom.o
EEPROMSizeGet                                     build/eeprom.o
EEPROMStatusGet                                   build/eeprom.o
EMAC0_IRQHandler                                  build/startup_msp432e401y.o
EMACAddrFilterGet                                 build/emac.o
EMACAddrFilterSet                                 build/emac.o
EMACAddrGet                                       build/emac.o
EMACAddrSet                                       build/emac.o
EMACConfigGet                                     build/emac.o
EMACConfigSet                                     build/emac.o
EMACDMAStateGet                                   build/emac.o
EMACFrameFilterGet                                build/emac.o
EMACFrameFilterSet                                build/emac.o
EMACHashFilterBitCalculate                        build/emac.o
EMACHashFilterGet                                 build/emac.o
EMACHashFilterSet                                 build/emac.o
EMACInit                                          build/emac.o
EMACIntClear                                      build/emac.o
EMACIntDisable                                    build/emac.o
EMACIntEnable                                     build/emac.o
EMACIntRegister                                   build/emac.o
EMACIntStatus                                     build/emac.o
EMACIntUnregister                                 build/emac.o
EMACLPIConfig                                     build/emac.o
EMACLPIEnter                                      build/emac.o
EMACLPILinkClear                                  build/emac.o
EMACLPILinkSet                                    build/emac.o
EMACLPIStatus                                     build/emac.o
EMACNumAddrGet                                    build/emac.o
EMACPHYConfigSet                                  build/emac.o
EMACPHYExtendedRead                               build/emac.o
EMACPHYExtendedWrite                              build/emac.o
EMACPHYMMDRead                                    build/emac.o
EMACPHYMMDWrite                                   build/emac.o
EMACPHYPowerOff                                   build/emac.o
EMACPHYPowerOn                                    build/emac.o
EMACPHYRead                                       build/emac.o
EMACPHYWrite                                      build/emac.o
EMACPowerManagementControlGet                     build/emac.o
EMACPowerManagementControlSet                     build/emac.o
EMACPowerManagementStatusGet                      build/emac.o
EMACRemoteWakeUpFrameFilterGet                    build/emac.o
EMACRemoteWakeUpFrameFilterSet                    build/emac.o
EMACReset                                         build/emac.o
EMACRxDMACurrentBufferGet                         build/emac.o
EMACRxDMACurrentDescriptorGet                     build/emac.o
EMACRxDMADescriptorListGet                        build/emac.o
EMACRxDMADescriptorListSet                        build/emac.o
EMACRxDMAPollDemand                               build/emac.o
EMACRxDisable                                     build/emac.o
EMACRxEnable                                      build/emac.o
EMACRxWatchdogTimerSet                            build/emac.o
EMACStatusGet                                     build/emac.o
EMACTimestampAddendSet                            build/emac.o
EMACTimestampConfigGet                            build/emac.o
EMACTimestampConfigSet                            build/emac.o
EMACTimestampDisable                              build/emac.o
EMACTimestampEnable                               build/emac.o
EMACTimestampIntStatus                            build/emac.o
EMACTimestampPPSCommand                           build/emac.o
EMACTimestampPPSCommandModeSet                    build/emac.o
EMACTimestampPPSPeriodSet                         build/emac.o
EMACTimestampPPSSimpleModeSet                     build/emac.o
EMACTimestampSysTimeGet                           build/emac.o
EMACTimestampSysTimeSet                           build/emac.o
EMACTimestampSysTimeUpdate                        build/emac.o
EMACTimestampTargetIntDisable                     build/emac.o
EMACTimestampTargetIntEnable                      build/emac.o
EMACTimestampTargetSet                            build/emac.o
EMACTxDMACurrentBufferGet                         build/emac.o
EMACTxDMACurrentDescriptorGet                     build/emac.o
EMACTxDMADescriptorListGet                        build/emac.o
EMACTxDMADescriptorListSet                        build/emac.o
EMACTxDMAPollDemand                               build/emac.o
EMACTxDisable                                     build/emac.o
EMACTxEnable                                      build/emac.o
EMACTxFlush                                       build/emac.o
EMACVLANHashFilterBitCalculate                    build/emac.o
EMACVLANHashFilterGet                             build/emac.o
EMACVLANHashFilterSet                             build/emac.o
EMACVLANRxConfigGet                               build/emac.o
EMACVLANRxConfigSet                               build/emac.o
EMACVLANTxConfigGet                               build/emac.o
EMACVLANTxConfigSet                               build/emac.o
EMACWoLEnter                                      build/emac.o
EPI0_IRQHandler                                   build/startup_msp432e401y.o
EPIAddressMapSet                                  build/epi.o
EPIConfigGPModeSet                                build/epi.o
EPIConfigHB16CSSet                                build/epi.o
EPIConfigHB16Set                                  build/epi.o
EPIConfigHB16TimingSet                            build/epi.o
EPIConfigHB8CSSet                                 build/epi.o
EPIConfigHB8Set                                   build/epi.o
EPIConfigHB8TimingSet                             build/epi.o
EPIConfigSDRAMSet                                 build/epi.o
EPIDMATxCount                                     build/epi.o
EPIDividerCSSet                                   build/epi.o
EPIDividerSet                                     build/epi.o
EPIFIFOConfig                                     build/epi.o
EPIIntDisable                                     build/epi.o
EPIIntEnable                                      build/epi.o
EPIIntErrorClear                                  build/epi.o
EPIIntErrorStatus                                 build/epi.o
EPIIntRegister                                    build/epi.o
EPIIntStatus                                      build/epi.o
EPIIntUnregister                                  build/epi.o
EPIModeSet                                        build/epi.o
EPINonBlockingReadAvail                           build/epi.o
EPINonBlockingReadConfigure                       build/epi.o
EPINonBlockingReadCount                           build/epi.o
EPINonBlockingReadGet16                           build/epi.o
EPINonBlockingReadGet32                           build/epi.o
EPINonBlockingReadGet8                            build/epi.o
EPINonBlockingReadStart                           build/epi.o
EPINonBlockingReadStop                            build/epi.o
EPIPSRAMConfigRegGet                              build/epi.o
EPIPSRAMConfigRegGetNonBlocking                   build/epi.o
EPIPSRAMConfigRegRead                             build/epi.o
EPIPSRAMConfigRegSet                              build/epi.o
EPIWorkaroundByteRead                             build/epi.o
EPIWorkaroundByteWrite                            build/epi.o
EPIWorkaroundHWordRead                            build/epi.o
EPIWorkaroundHWordWrite                           build/epi.o
EPIWorkaroundWordRead                             build/epi.o
EPIWorkaroundWordWrite                            build/epi.o
EPIWriteFIFOCountGet                              build/epi.o
FLASH_IRQHandler                                  build/startup_msp432e401y.o
FPUDisable                                        build/fpu.o
FPUEnable                                         build/fpu.o
                                                  build/main.o
FPUFlushToZeroModeSet                             build/fpu.o
FPUHalfPrecisionModeSet                           build/fpu.o
FPULazyStackingEnable                             build/fpu.o
                                                  build/main.o
FPUNaNModeSet                                     build/fpu.o
FPURoundingModeSet                                build/fpu.o
FPUStackingDisable                                build/fpu.o
FPUStackingEnable                                 build/fpu.o
FlashAllUserRegisterGet                           build/flash.o
FlashAllUserRegisterSave                          build/flash.o
FlashAllUserRegisterSet                           build/flash.o
FlashErase                                        build/flash.o
FlashIntClear                                     build/flash.o
FlashIntDisable                                   build/flash.o
FlashIntEnable                                    build/flash.o
FlashIntRegister                                  build/flash.o
FlashIntStatus                                    build/flash.o
FlashIntUnregister                                build/flash.o
FlashProgram                                      build/flash.o
FlashProtectGet                                   build/flash.o
FlashProtectSave                                  build/flash.o
FlashProtectSet                                   build/flash.o
FlashUserGet                                      build/flash.o
FlashUserSave                                     build/flash.o
FlashUserSet                                      build/flash.o
GPIOADCTriggerDisable                             build/gpio.o
GPIOADCTriggerEnable                              build/gpio.o
GPIOA_IRQHandler                                  build/startup_msp432e401y.o
GPIOB_IRQHandler                                  build/startup_msp432e401y.o
GPIOC_IRQHandler                                  build/startup_msp432e401y.o
GPIODMATriggerDisable                             build/gpio.o
GPIODMATriggerEnable                              build/gpio.o
GPIOD_IRQHandler                                  build/startup_msp432e401y.o
GPIODirModeGet                                    build/gpio.o
GPIODirModeSet                                    build/gpio.o
GPIOE_IRQHandler                                  build/startup_msp432e401y.o
GPIOF_IRQHandler                                  build/startup_msp432e401y.o
GPIOG_IRQHandler                                  build/startup_msp432e401y.o
GPIOH_IRQHandler                                  build/startup_msp432e401y.o
GPIOIntClear                                      build/gpio.o
GPIOIntDisable                                    build/gpio.o
GPIOIntEnable                                     build/gpio.o
GPIOIntRegister                                   build/gpio.o
GPIOIntRegisterPin                                build/gpio.o
GPIOIntStatus                                     build/gpio.o
GPIOIntTypeGet                                    build/gpio.o
GPIOIntTypeSet                                    build/gpio.o
GPIOIntUnregister                                 build/gpio.o
GPIOIntUnregisterPin                              build/gpio.o
GPIOJ_IRQHandler                                  build/startup_msp432e401y.o
GPIOK_IRQHandler                                  build/startup_msp432e401y.o
GPIOL_IRQHandler                                  build/startup_msp432e401y.o
GPIOM_IRQHandler                                  build/startup_msp432e401y.o
GPION_IRQHandler                                  build/startup_msp432e401y.o
GPIOP0_IRQHandler                                 build/startup_msp432e401y.o
GPIOP1_IRQHandler                                 build/startup_msp432e401y.o
GPIOP2_IRQHandler                                 build/startup_msp432e401y.o
GPIOP3_IRQHandler                                 build/startup_msp432e401y.o
GPIOP4_IRQHandler                                 build/startup_msp432e401y.o
GPIOP5_IRQHandler                                 build/startup_msp432e401y.o
GPIOP6_IRQHandler                                 build/startup_msp432e401y.o
GPIOP7_IRQHandler                                 build/startup_msp432e401y.o
GPIOPadConfigGet                                  build/gpio.o
GPIOPadConfigSet                                  build/gpio.o
GPIOPinConfigure                                  build/gpio.o
GPIOPinRead                                       build/gpio.o
GPIOPinTypeADC                                    build/gpio.o
GPIOPinTypeCAN                                    build/gpio.o
GPIOPinTypeComparator                             build/gpio.o
GPIOPinTypeComparatorOutput                       build/gpio.o
GPIOPinTypeDIVSCLK                                build/gpio.o
GPIOPinTypeEPI                                    build/gpio.o
GPIOPinTypeEthernetLED                            build/gpio.o
GPIOPinTypeEthernetMII                            build/gpio.o
GPIOPinTypeGPIOInput                              build/gpio.o
GPIOPinTypeGPIOOutput                             build/gpio.o
GPIOPinTypeGPIOOutputOD                           build/gpio.o
GPIOPinTypeHibernateRTCCLK                        build/gpio.o
GPIOPinTypeI2C                                    build/gpio.o
GPIOPinTypeI2CSCL                                 build/gpio.o
GPIOPinTypeLCD                                    build/gpio.o
GPIOPinTypeOneWire                                build/gpio.o
GPIOPinTypePWM                                    build/gpio.o
GPIOPinTypeQEI                                    build/gpio.o
GPIOPinTypeSSI                                    build/gpio.o
GPIOPinTypeTimer                                  build/gpio.o
GPIOPinTypeTrace                                  build/gpio.o
GPIOPinTypeUART                                   build/gpio.o
GPIOPinTypeUSBAnalog                              build/gpio.o
GPIOPinTypeUSBDigital                             build/gpio.o
GPIOPinTypeWakeHigh                               build/gpio.o
GPIOPinTypeWakeLow                                build/gpio.o
GPIOPinWakeStatus                                 build/gpio.o
GPIOPinWrite                                      build/gpio.o
GPIOQ0_IRQHandler                                 build/startup_msp432e401y.o
GPIOQ1_IRQHandler                                 build/startup_msp432e401y.o
GPIOQ2_IRQHandler                                 build/startup_msp432e401y.o
GPIOQ3_IRQHandler                                 build/startup_msp432e401y.o
GPIOQ4_IRQHandler                                 build/startup_msp432e401y.o
GPIOQ5_IRQHandler                                 build/startup_msp432e401y.o
GPIOQ6_IRQHandler                                 build/startup_msp432e401y.o
GPIOQ7_IRQHandler                                 build/startup_msp432e401y.o
HIBERNATE_IRQHandler                              build/startup_msp432e401y.o
HardFault_Handler                                 build/startup_msp432e401y.o
HibernateBatCheckDone                             build/hibernate.o
HibernateBatCheckStart                            build/hibernate.o
HibernateCalendarGet                              build/hibernate.o
HibernateCalendarMatchGet                         build/hibernate.o
HibernateCalendarMatchSet                         build/hibernate.o
HibernateCalendarSet                              build/hibernate.o
HibernateClockConfig                              build/hibernate.o
HibernateCounterMode                              build/hibernate.o
HibernateDataGet                                  build/hibernate.o
HibernateDataSet                                  build/hibernate.o
HibernateDisable                                  build/hibernate.o
HibernateEnableExpClk                             build/hibernate.o
HibernateGPIORetentionDisable                     build/hibernate.o
HibernateGPIORetentionEnable                      build/hibernate.o
HibernateGPIORetentionGet                         build/hibernate.o
HibernateIntClear                                 build/hibernate.o
HibernateIntDisable                               build/hibernate.o
HibernateIntEnable                                build/hibernate.o
HibernateIntRegister                              build/hibernate.o
HibernateIntStatus                                build/hibernate.o
HibernateIntUnregister                            build/hibernate.o
HibernateIsActive                                 build/hibernate.o
HibernateLowBatGet                                build/hibernate.o
HibernateLowBatSet                                build/hibernate.o
HibernateRTCDisable                               build/hibernate.o
HibernateRTCEnable                                build/hibernate.o
HibernateRTCGet                                   build/hibernate.o
HibernateRTCMatchGet                              build/hibernate.o
HibernateRTCMatchSet                              build/hibernate.o
HibernateRTCSSGet                                 build/hibernate.o